Component: ARM Compiler 5.06 update 6 (build 750) Tool: armlink [4d35ed]

==============================================================================

Section Cross References

    startup_stm32f411xe.o(RESET) refers to startup_stm32f411xe.o(STACK) for __initial_sp
    startup_stm32f411xe.o(RESET) refers to startup_stm32f411xe.o(.text) for Reset_Handler
    startup_stm32f411xe.o(RESET) refers to stm32f4xx_it.o(i.NMI_Handler) for NMI_Handler
    startup_stm32f411xe.o(RESET) refers to stm32f4xx_it.o(i.HardFault_Handler) for HardFault_Handler
    startup_stm32f411xe.o(RESET) refers to stm32f4xx_it.o(i.MemManage_Handler) for MemManage_Handler
    startup_stm32f411xe.o(RESET) refers to stm32f4xx_it.o(i.BusFault_Handler) for BusFault_Handler
    startup_stm32f411xe.o(RESET) refers to stm32f4xx_it.o(i.UsageFault_Handler) for UsageFault_Handler
    startup_stm32f411xe.o(RESET) refers to stm32f4xx_it.o(i.SVC_Handler) for SVC_Handler
    startup_stm32f411xe.o(RESET) refers to stm32f4xx_it.o(i.DebugMon_Handler) for DebugMon_Handler
    startup_stm32f411xe.o(RESET) refers to stm32f4xx_it.o(i.PendSV_Handler) for PendSV_Handler
    startup_stm32f411xe.o(RESET) refers to stm32f4xx_it.o(i.SysTick_Handler) for SysTick_Handler
    startup_stm32f411xe.o(RESET) refers to stm32f4xx_it.o(i.OTG_FS_IRQHandler) for OTG_FS_IRQHandler
    startup_stm32f411xe.o(.text) refers to system_stm32f4xx.o(i.SystemInit) for SystemInit
    startup_stm32f411xe.o(.text) refers to entry.o(.ARM.Collect$$$$00000000) for __main
    main.o(i.MX_GPIO_Init) refers to memseta.o(.text) for __aeabi_memclr4
    main.o(i.MX_GPIO_Init) refers to stm32f4xx_hal_gpio.o(i.HAL_GPIO_WritePin) for HAL_GPIO_WritePin
    main.o(i.MX_GPIO_Init) refers to stm32f4xx_hal_gpio.o(i.HAL_GPIO_Init) for HAL_GPIO_Init
    main.o(i.SystemClock_Config) refers to memseta.o(.text) for __aeabi_memclr4
    main.o(i.SystemClock_Config) refers to stm32f4xx_hal_rcc.o(i.HAL_RCC_OscConfig) for HAL_RCC_OscConfig
    main.o(i.SystemClock_Config) refers to stm32f4xx_hal_rcc.o(i.HAL_RCC_ClockConfig) for HAL_RCC_ClockConfig
    main.o(i.fputc) refers to main.o(.bss) for .bss
    main.o(i.fputc) refers to main.o(.data) for .data
    main.o(i.main) refers to stm32f4xx_hal.o(i.HAL_Init) for HAL_Init
    main.o(i.main) refers to main.o(i.SystemClock_Config) for SystemClock_Config
    main.o(i.main) refers to main.o(i.MX_GPIO_Init) for MX_GPIO_Init
    main.o(i.main) refers to stm32f4xx_hal_gpio.o(i.HAL_GPIO_WritePin) for HAL_GPIO_WritePin
    main.o(i.main) refers to stm32f4xx_hal.o(i.HAL_Delay) for HAL_Delay
    main.o(i.main) refers to stm32f4xx_hal_gpio.o(i.HAL_GPIO_ReadPin) for HAL_GPIO_ReadPin
    main.o(i.main) refers to oled.o(i.OLED_Init) for OLED_Init
    main.o(i.main) refers to oled.o(i.OLED_Clear) for OLED_Clear
    main.o(i.main) refers to oled.o(i.OLED_ShowString) for OLED_ShowString
    main.o(i.main) refers to usb_device.o(i.MX_USB_DEVICE_Init) for MX_USB_DEVICE_Init
    main.o(i.main) refers to main.o(.data) for .data
    usb_device.o(i.MX_USB_DEVICE_Init) refers to usbd_core.o(i.USBD_Init) for USBD_Init
    usb_device.o(i.MX_USB_DEVICE_Init) refers to main.o(i.Error_Handler) for Error_Handler
    usb_device.o(i.MX_USB_DEVICE_Init) refers to usbd_core.o(i.USBD_RegisterClass) for USBD_RegisterClass
    usb_device.o(i.MX_USB_DEVICE_Init) refers to usbd_dfu.o(i.USBD_DFU_RegisterMedia) for USBD_DFU_RegisterMedia
    usb_device.o(i.MX_USB_DEVICE_Init) refers to usbd_core.o(i.USBD_Start) for USBD_Start
    usb_device.o(i.MX_USB_DEVICE_Init) refers to usbd_desc.o(.data) for FS_Desc
    usb_device.o(i.MX_USB_DEVICE_Init) refers to usb_device.o(.bss) for .bss
    usb_device.o(i.MX_USB_DEVICE_Init) refers to usbd_dfu.o(.data) for USBD_DFU
    usb_device.o(i.MX_USB_DEVICE_Init) refers to usbd_dfu_if.o(.data) for USBD_DFU_fops_FS
    usbd_conf.o(i.HAL_PCD_ConnectCallback) refers to usbd_core.o(i.USBD_LL_DevConnected) for USBD_LL_DevConnected
    usbd_conf.o(i.HAL_PCD_DataInStageCallback) refers to usbd_core.o(i.USBD_LL_DataInStage) for USBD_LL_DataInStage
    usbd_conf.o(i.HAL_PCD_DataOutStageCallback) refers to usbd_core.o(i.USBD_LL_DataOutStage) for USBD_LL_DataOutStage
    usbd_conf.o(i.HAL_PCD_DisconnectCallback) refers to usbd_core.o(i.USBD_LL_DevDisconnected) for USBD_LL_DevDisconnected
    usbd_conf.o(i.HAL_PCD_ISOINIncompleteCallback) refers to usbd_core.o(i.USBD_LL_IsoINIncomplete) for USBD_LL_IsoINIncomplete
    usbd_conf.o(i.HAL_PCD_ISOOUTIncompleteCallback) refers to usbd_core.o(i.USBD_LL_IsoOUTIncomplete) for USBD_LL_IsoOUTIncomplete
    usbd_conf.o(i.HAL_PCD_MspDeInit) refers to stm32f4xx_hal_gpio.o(i.HAL_GPIO_DeInit) for HAL_GPIO_DeInit
    usbd_conf.o(i.HAL_PCD_MspDeInit) refers to stm32f4xx_hal_cortex.o(i.HAL_NVIC_DisableIRQ) for HAL_NVIC_DisableIRQ
    usbd_conf.o(i.HAL_PCD_MspInit) refers to memseta.o(.text) for __aeabi_memclr4
    usbd_conf.o(i.HAL_PCD_MspInit) refers to stm32f4xx_hal_gpio.o(i.HAL_GPIO_Init) for HAL_GPIO_Init
[...]
    ..\Drivers\STM32F4xx_HAL_Driver\Src\stm32f4xx_hal_gpio.c 0x00000000   Number         0  stm32f4xx_hal_gpio.o ABSOLUTE
    ..\Drivers\STM32F4xx_HAL_Driver\Src\stm32f4xx_hal_pcd.c 0x00000000   Number         0  stm32f4xx_hal_pcd.o ABSOLUTE
    ..\Drivers\STM32F4xx_HAL_Driver\Src\stm32f4xx_hal_pcd_ex.c 0x00000000   Number         0  stm32f4xx_hal_pcd_ex.o ABSOLUTE
    ..\Drivers\STM32F4xx_HAL_Driver\Src\stm32f4xx_hal_pwr.c 0x00000000   Number         0  stm32f4xx_hal_pwr.o ABSOLUTE
    ..\Drivers\STM32F4xx_HAL_Driver\Src\stm32f4xx_hal_pwr_ex.c 0x00000000   Number         0  stm32f4xx_hal_pwr_ex.o ABSOLUTE
    ..\Drivers\STM32F4xx_HAL_Driver\Src\stm32f4xx_hal_rcc.c 0x00000000   Number         0  stm32f4xx_hal_rcc.o ABSOLUTE
    ..\Drivers\STM32F4xx_HAL_Driver\Src\stm32f4xx_hal_rcc_ex.c 0x00000000   Number         0  stm32f4xx_hal_rcc_ex.o ABSOLUTE
    ..\Drivers\STM32F4xx_HAL_Driver\Src\stm32f4xx_hal_tim.c 0x00000000   Number         0  stm32f4xx_hal_tim.o ABSOLUTE
    ..\Drivers\STM32F4xx_HAL_Driver\Src\stm32f4xx_hal_tim_ex.c 0x00000000   Number         0  stm32f4xx_hal_tim_ex.o ABSOLUTE
    ..\Drivers\STM32F4xx_HAL_Driver\Src\stm32f4xx_ll_usb.c 0x00000000   Number         0  stm32f4xx_ll_usb.o ABSOLUTE
    ..\Middlewares\ST\STM32_USB_Device_Library\Class\DFU\Src\usbd_dfu.c 0x00000000   Number         0  usbd_dfu.o ABSOLUTE
    ..\Middlewares\ST\STM32_USB_Device_Library\Core\Src\usbd_core.c 0x00000000   Number         0  usbd_core.o ABSOLUTE
    ..\Middlewares\ST\STM32_USB_Device_Library\Core\Src\usbd_ctlreq.c 0x00000000   Number         0  usbd_ctlreq.o ABSOLUTE
    ..\Middlewares\ST\STM32_USB_Device_Library\Core\Src\usbd_ioreq.c 0x00000000   Number         0  usbd_ioreq.o ABSOLUTE
    ..\OLED\bmp.c                            0x00000000   Number         0  bmp.o ABSOLUTE
    ..\OLED\oled.c                           0x00000000   Number         0  oled.o ABSOLUTE
    ..\Src\main.c                            0x00000000   Number         0  main.o ABSOLUTE
    ..\Src\stm32f4xx_hal_msp.c               0x00000000   Number         0  stm32f4xx_hal_msp.o ABSOLUTE
    ..\Src\stm32f4xx_it.c                    0x00000000   Number         0  stm32f4xx_it.o ABSOLUTE
    ..\Src\system_stm32f4xx.c                0x00000000   Number         0  system_stm32f4xx.o ABSOLUTE
    ..\Src\usb_device.c                      0x00000000   Number         0  usb_device.o ABSOLUTE
    ..\Src\usbd_conf.c                       0x00000000   Number         0  usbd_conf.o ABSOLUTE
    ..\Src\usbd_desc.c                       0x00000000   Number         0  usbd_desc.o ABSOLUTE
    ..\Src\usbd_dfu_if.c                     0x00000000   Number         0  usbd_dfu_if.o ABSOLUTE
    ..\\OLED\\oled.c                         0x00000000   Number         0  oled.o ABSOLUTE
    dc.s                                     0x00000000   Number         0  dc.o ABSOLUTE
    handlers.s                               0x00000000   Number         0  handlers.o ABSOLUTE
    init.s                                   0x00000000   Number         0  init.o ABSOLUTE
    startup_stm32f411xe.s                    0x00000000   Number         0  startup_stm32f411xe.o ABSOLUTE
    RESET                                    0x08000000   Section      408  startup_stm32f411xe.o(RESET)
    .ARM.Collect$$$$00000000                 0x08000198   Section        0  entry.o(.ARM.Collect$$$$00000000)
    .ARM.Collect$$$$00000001                 0x08000198   Section        4  entry2.o(.ARM.Collect$$$$00000001)
    .ARM.Collect$$$$00000004                 0x0800019c   Section        4  entry5.o(.ARM.Collect$$$$00000004)
    .ARM.Collect$$$$00000008                 0x080001a0   Section        0  entry7b.o(.ARM.Collect$$$$00000008)
    .ARM.Collect$$$$0000000A                 0x080001a0   Section        0  entry8b.o(.ARM.Collect$$$$0000000A)
    .ARM.Collect$$$$0000000B                 0x080001a0   Section        8  entry9a.o(.ARM.Collect$$$$0000000B)
    .ARM.Collect$$$$0000000D                 0x080001a8   Section        0  entry10a.o(.ARM.Collect$$$$0000000D)
    .ARM.Collect$$$$0000000F                 0x080001a8   Section        0  entry11a.o(.ARM.Collect$$$$0000000F)
    .ARM.Collect$$$$00002712                 0x080001a8   Section        4  entry2.o(.ARM.Collect$$$$00002712)
    __lit__00000000                          0x080001a8   Data           4  entry2.o(.ARM.Collect$$$$00002712)
    .text                                    0x080001ac   Section       36  startup_stm32f411xe.o(.text)
    $v0                                      0x080001ac   Number         0  startup_stm32f411xe.o(.text)
    .text                                    0x080001d0   Section        0  uldiv.o(.text)
    .text                                    0x08000232   Section        0  memcpya.o(.text)
    .text                                    0x08000256   Section        0  memseta.o(.text)
    .text                                    0x0800027a   Section        0  llshl.o(.text)
    .text                                    0x08000298   Section        0  llushr.o(.text)
    .text                                    0x080002b8   Section       36  init.o(.text)
    i.BusFault_Handler                       0x080002dc   Section        0  stm32f4xx_it.o(i.BusFault_Handler)
    i.DFU_Detach                             0x080002e0   Section        0  usbd_dfu.o(i.DFU_Detach)
    DFU_Detach                               0x080002e1   Thumb Code   106  usbd_dfu.o(i.DFU_Detach)
    i.DFU_Download                           0x08000350   Section        0  usbd_dfu.o(i.DFU_Download)
    DFU_Download                             0x08000351   Thumb Code   102  usbd_dfu.o(i.DFU_Download)
    i.DFU_GetStatus                          0x080003b8   Section        0  usbd_dfu.o(i.DFU_GetStatus)
    DFU_GetStatus                            0x080003b9   Thumb Code   172  usbd_dfu.o(i.DFU_GetStatus)
    i.DFU_Leave                              0x08000468   Section        0  usbd_dfu.o(i.DFU_Leave)
    DFU_Leave                                0x08000469   Thumb Code    96  usbd_dfu.o(i.DFU_Leave)
    i.DFU_Upload                             0x080004d4   Section        0  usbd_dfu.o(i.DFU_Upload)
    DFU_Upload                               0x080004d5   Thumb Code   218  usbd_dfu.o(i.DFU_Upload)
    i.DebugMon_Handler                       0x080005ae   Section        0  stm32f4xx_it.o(i.DebugMon_Handler)
    i.Error_Handler                          0x080005b0   Section        0  main.o(i.Error_Handler)
    i.FLASH_Erase_Sector                     0x080005b4   Section        0  stm32f4xx_hal_flash_ex.o(i.FLASH_Erase_Sector)
    i.FLASH_FlushCaches                      0x08000604   Section        0  stm32f4xx_hal_flash_ex.o(i.FLASH_FlushCaches)
    i.FLASH_MassErase                        0x08000658   Section        0  stm32f4xx_hal_flash_ex.o(i.FLASH_MassErase)
    FLASH_MassErase                          0x08000659   Thumb Code    34  stm32f4xx_hal_flash_ex.o(i.FLASH_MassErase)
    i.FLASH_Program_Byte                     0x08000680   Section        0  stm32f4xx_hal_flash.o(i.FLASH_Program_Byte)
    FLASH_Program_Byte                       0x08000681   Thumb Code    26  stm32f4xx_hal_flash.o(i.FLASH_Program_Byte)
    i.FLASH_Program_DoubleWord               0x080006a0   Section        0  stm32f4xx_hal_flash.o(i.FLASH_Program_DoubleWord)
    FLASH_Program_DoubleWord                 0x080006a1   Thumb Code    38  stm32f4xx_hal_flash.o(i.FLASH_Program_DoubleWord)
    i.FLASH_Program_HalfWord                 0x080006cc   Section        0  stm32f4xx_hal_flash.o(i.FLASH_Program_HalfWord)
    FLASH_Program_HalfWord                   0x080006cd   Thumb Code    30  stm32f4xx_hal_flash.o(i.FLASH_Program_HalfWord)
    i.FLASH_Program_Word                     0x080006f0   Section        0  stm32f4xx_hal_flash.o(i.FLASH_Program_Word)
    FLASH_Program_Word                       0x080006f1   Thumb Code    30  stm32f4xx_hal_flash.o(i.FLASH_Program_Word)
    i.FLASH_SetErrorCode                     0x08000714   Section        0  stm32f4xx_hal_flash.o(i.FLASH_SetErrorCode)
    FLASH_SetErrorCode                       0x08000715   Thumb Code   116  stm32f4xx_hal_flash.o(i.FLASH_SetErrorCode)
    i.FLASH_WaitForLastOperation             0x08000790   Section        0  stm32f4xx_hal_flash.o(i.FLASH_WaitForLastOperation)
    i.HAL_Delay                              0x080007e0   Section        0  stm32f4xx_hal.o(i.HAL_Delay)
    i.HAL_FLASHEx_Erase                      0x08000804   Section        0  stm32f4xx_hal_flash_ex.o(i.HAL_FLASHEx_Erase)
    i.HAL_FLASH_Lock                         0x0800089c   Section        0  stm32f4xx_hal_flash.o(i.HAL_FLASH_Lock)
    i.HAL_FLASH_Program                      0x080008b0   Section        0  stm32f4xx_hal_flash.o(i.HAL_FLASH_Program)
    i.HAL_FLASH_Unlock                       0x0800092c   Section        0  stm32f4xx_hal_flash.o(i.HAL_FLASH_Unlock)
    i.HAL_GPIO_Init                          0x08000958   Section        0  stm32f4xx_hal_gpio.o(i.HAL_GPIO_Init)
    i.HAL_GPIO_ReadPin                       0x08000aec   Section        0  stm32f4xx_hal_gpio.o(i.HAL_GPIO_ReadPin)
    i.HAL_GPIO_WritePin                      0x08000af6   Section        0  stm32f4xx_hal_gpio.o(i.HAL_GPIO_WritePin)
    i.HAL_GetTick                            0x08000b00   Section        0  stm32f4xx_hal.o(i.HAL_GetTick)
    i.HAL_IncTick                            0x08000b0c   Section        0  stm32f4xx_hal.o(i.HAL_IncTick)
    i.HAL_Init                               0x08000b1c   Section        0  stm32f4xx_hal.o(i.HAL_Init)
    i.HAL_InitTick                           0x08000b50   Section        0  stm32f4xx_hal.o(i.HAL_InitTick)
    i.HAL_MspInit                            0x08000b90   Section        0  stm32f4xx_hal_msp.o(i.HAL_MspInit)
    i.HAL_NVIC_EnableIRQ                     0x08000bc0   Section        0  stm32f4xx_hal_cortex.o(i.HAL_NVIC_EnableIRQ)
    i.HAL_NVIC_SetPriority                   0x08000bdc   Section        0  stm32f4xx_hal_cortex.o(i.HAL_NVIC_SetPriority)
    i.HAL_NVIC_SetPriorityGrouping           0x08000c1c   Section        0  stm32f4xx_hal_cortex.o(i.HAL_NVIC_SetPriorityGrouping)
    i.HAL_PCDEx_LPM_Callback                 0x08000c40   Section        0  stm32f4xx_hal_pcd_ex.o(i.HAL_PCDEx_LPM_Callback)
    i.HAL_PCDEx_SetRxFiFo                    0x08000c42   Section        0  stm32f4xx_hal_pcd_ex.o(i.HAL_PCDEx_SetRxFiFo)
    i.HAL_PCDEx_SetTxFiFo                    0x08000c4a   Section        0  stm32f4xx_hal_pcd_ex.o(i.HAL_PCDEx_SetTxFiFo)
    i.HAL_PCD_ConnectCallback                0x08000c8e   Section        0  usbd_conf.o(i.HAL_PCD_ConnectCallback)
    i.HAL_PCD_DataInStageCallback            0x08000c96   Section        0  usbd_conf.o(i.HAL_PCD_DataInStageCallback)
    i.HAL_PCD_DataOutStageCallback           0x08000ca8   Section        0  usbd_conf.o(i.HAL_PCD_DataOutStageCallback)
    i.HAL_PCD_DisconnectCallback             0x08000cbc   Section        0  usbd_conf.o(i.HAL_PCD_DisconnectCallback)
    i.HAL_PCD_EP_ClrStall                    0x08000cc4   Section        0  stm32f4xx_hal_pcd.o(i.HAL_PCD_EP_ClrStall)
    i.HAL_PCD_EP_Open                        0x08000d20   Section        0  stm32f4xx_hal_pcd.o(i.HAL_PCD_EP_Open)
    i.HAL_PCD_EP_Receive                     0x08000d80   Section        0  stm32f4xx_hal_pcd.o(i.HAL_PCD_EP_Receive)
    i.HAL_PCD_EP_SetStall                    0x08000dc8   Section        0  stm32f4xx_hal_pcd.o(i.HAL_PCD_EP_SetStall)
    i.HAL_PCD_EP_Transmit                    0x08000e3c   Section        0  stm32f4xx_hal_pcd.o(i.HAL_PCD_EP_Transmit)
    i.HAL_PCD_IRQHandler                     0x08000e7c   Section        0  stm32f4xx_hal_pcd.o(i.HAL_PCD_IRQHandler)
    i.HAL_PCD_ISOINIncompleteCallback        0x080012b0   Section        0  usbd_conf.o(i.HAL_PCD_ISOINIncompleteCallback)
    i.HAL_PCD_ISOOUTIncompleteCallback       0x080012b8   Section        0  usbd_conf.o(i.HAL_PCD_ISOOUTIncompleteCallback)
    i.HAL_PCD_Init                           0x080012c0   Section        0  stm32f4xx_hal_pcd.o(i.HAL_PCD_Init)
    i.HAL_PCD_MspInit                        0x080013a4   Section        0  usbd_conf.o(i.HAL_PCD_MspInit)
    i.HAL_PCD_ResetCallback                  0x08001428   Section        0  usbd_conf.o(i.HAL_PCD_ResetCallback)
    i.HAL_PCD_ResumeCallback                 0x0800144e   Section        0  usbd_conf.o(i.HAL_PCD_ResumeCallback)
    i.HAL_PCD_SOFCallback                    0x08001456   Section        0  usbd_conf.o(i.HAL_PCD_SOFCallback)
    i.HAL_PCD_SetAddress                     0x0800145e   Section        0  stm32f4xx_hal_pcd.o(i.HAL_PCD_SetAddress)
    i.HAL_PCD_SetupStageCallback             0x08001486   Section        0  usbd_conf.o(i.HAL_PCD_SetupStageCallback)
    i.HAL_PCD_Start                          0x08001494   Section        0  stm32f4xx_hal_pcd.o(i.HAL_PCD_Start)
    i.HAL_PCD_Stop                           0x080014d6   Section        0  stm32f4xx_hal_pcd.o(i.HAL_PCD_Stop)
    i.HAL_PCD_SuspendCallback                0x08001520   Section        0  usbd_conf.o(i.HAL_PCD_SuspendCallback)
    i.HAL_RCC_ClockConfig                    0x08001550   Section        0  stm32f4xx_hal_rcc.o(i.HAL_RCC_ClockConfig)
    i.HAL_RCC_GetHCLKFreq                    0x08001684   Section        0  stm32f4xx_hal_rcc.o(i.HAL_RCC_GetHCLKFreq)
    i.HAL_RCC_GetSysClockFreq                0x08001690   Section        0  stm32f4xx_hal_rcc.o(i.HAL_RCC_GetSysClockFreq)
    i.HAL_RCC_OscConfig                      0x080016f0   Section        0  stm32f4xx_hal_rcc.o(i.HAL_RCC_OscConfig)
    i.HAL_SYSTICK_Config                     0x08001a4c   Section        0  stm32f4xx_hal_cortex.o(i.HAL_SYSTICK_Config)
    i.HardFault_Handler                      0x08001a74   Section        0  stm32f4xx_it.o(i.HardFault_Handler)
    i.IntToUnicode                           0x08001a78   Section        0  usbd_desc.o(i.IntToUnicode)
    IntToUnicode                             0x08001a79   Thumb Code    56  usbd_desc.o(i.IntToUnicode)
    i.MEM_If_DeInit_FS                       0x08001ab0   Section        0  usbd_dfu_if.o(i.MEM_If_DeInit_FS)
    MEM_If_DeInit_FS                         0x08001ab1   Thumb Code    10  usbd_dfu_if.o(i.MEM_If_DeInit_FS)
    i.MEM_If_Erase_FS                        0x08001abc   Section        0  usbd_dfu_if.o(i.MEM_If_Erase_FS)
    MEM_If_Erase_FS                          0x08001abd   Thumb Code   140  usbd_dfu_if.o(i.MEM_If_Erase_FS)
    i.MEM_If_GetStatus_FS                    0x08001b64   Section        0  usbd_dfu_if.o(i.MEM_If_GetStatus_FS)
    MEM_If_GetStatus_FS                      0x08001b65   Thumb Code    12  usbd_dfu_if.o(i.MEM_If_GetStatus_FS)
    i.MEM_If_Init_FS                         0x08001b70   Section        0  usbd_dfu_if.o(i.MEM_If_Init_FS)
    MEM_If_Init_FS                           0x08001b71   Thumb Code    16  usbd_dfu_if.o(i.MEM_If_Init_FS)
    i.MEM_If_Read_FS                         0x08001b84   Section        0  usbd_dfu_if.o(i.MEM_If_Read_FS)
    MEM_If_Read_FS                           0x08001b85   Thumb Code    24  usbd_dfu_if.o(i.MEM_If_Read_FS)
    i.MEM_If_Write_FS                        0x08001b9c   Section        0  usbd_dfu_if.o(i.MEM_If_Write_FS)
    MEM_If_Write_FS                          0x08001b9d   Thumb Code    56  usbd_dfu_if.o(i.MEM_If_Write_FS)
    i.MX_GPIO_Init                           0x08001bd4   Section        0  main.o(i.MX_GPIO_Init)
    MX_GPIO_Init                             0x08001bd5   Thumb Code   152  main.o(i.MX_GPIO_Init)
    i.MX_USB_DEVICE_Init                     0x08001c74   Section        0  usb_device.o(i.MX_USB_DEVICE_Init)
    i.MemManage_Handler                      0x08001cc8   Section        0  stm32f4xx_it.o(i.MemManage_Handler)
    i.NMI_Handler                            0x08001cca   Section        0  stm32f4xx_it.o(i.NMI_Handler)
    i.OLED_Clear                             0x08001ccc   Section        0  oled.o(i.OLED_Clear)
    i.OLED_IIC_Start                         0x08001d08   Section        0  oled.o(i.OLED_IIC_Start)
    i.OLED_IIC_Stop                          0x08001d58   Section        0  oled.o(i.OLED_IIC_Stop)
    i.OLED_IIC_Wait_Ack                      0x08001d98   Section        0  oled.o(i.OLED_IIC_Wait_Ack)
    i.OLED_Init                              0x08001dc8   Section        0  oled.o(i.OLED_Init)
    i.OLED_Set_Pos                           0x08001ebe   Section        0  oled.o(i.OLED_Set_Pos)
    i.OLED_ShowChar                          0x08001ee8   Section        0  oled.o(i.OLED_ShowChar)
    i.OLED_ShowString                        0x08001f70   Section        0  oled.o(i.OLED_ShowString)
    i.OLED_WR_Byte                           0x08001fa6   Section        0  oled.o(i.OLED_WR_Byte)
    i.OTG_FS_IRQHandler                      0x08001fb4   Section        0  stm32f4xx_it.o(i.OTG_FS_IRQHandler)
    i.PCD_EP_OutXfrComplete_int              0x08001fc0   Section        0  stm32f4xx_hal_pcd.o(i.PCD_EP_OutXfrComplete_int)
    PCD_EP_OutXfrComplete_int                0x08001fc1   Thumb Code   196  stm32f4xx_hal_pcd.o(i.PCD_EP_OutXfrComplete_int)
    i.PCD_WriteEmptyTxFifo                   0x0800208c   Section        0  stm32f4xx_hal_pcd.o(i.PCD_WriteEmptyTxFifo)
    PCD_WriteEmptyTxFifo                     0x0800208d   Thumb Code   162  stm32f4xx_hal_pcd.o(i.PCD_WriteEmptyTxFifo)
    i.PendSV_Handler                         0x0800212e   Section        0  stm32f4xx_it.o(i.PendSV_Handler)
    i.SVC_Handler                            0x08002130   Section        0  stm32f4xx_it.o(i.SVC_Handler)
    i.SWAPBYTE                               0x08002132   Section        0  usbd_ctlreq.o(i.SWAPBYTE)
    SWAPBYTE                                 0x08002133   Thumb Code    10  usbd_ctlreq.o(i.SWAPBYTE)
    i.SysTick_Handler                        0x0800213c   Section        0  stm32f4xx_it.o(i.SysTick_Handler)
    i.SystemClock_Config                     0x08002140   Section        0  main.o(i.SystemClock_Config)
    i.SystemInit                             0x080021c0   Section        0  system_stm32f4xx.o(i.SystemInit)
    i.USBD_ClrClassConfig                    0x080021dc   Section        0  usbd_core.o(i.USBD_ClrClassConfig)
    i.USBD_CtlContinueRx                     0x080021ec   Section        0  usbd_ioreq.o(i.USBD_CtlContinueRx)
    i.USBD_CtlContinueSendData               0x080021fc   Section        0  usbd_ioreq.o(i.USBD_CtlContinueSendData)
    i.USBD_CtlError                          0x0800220c   Section        0  usbd_ctlreq.o(i.USBD_CtlError)
    i.USBD_CtlPrepareRx                      0x08002222   Section        0  usbd_ioreq.o(i.USBD_CtlPrepareRx)
    i.USBD_CtlReceiveStatus                  0x08002240   Section        0  usbd_ioreq.o(i.USBD_CtlReceiveStatus)
    i.USBD_CtlSendData                       0x08002256   Section        0  usbd_ioreq.o(i.USBD_CtlSendData)
    i.USBD_CtlSendStatus                     0x08002270   Section        0  usbd_ioreq.o(i.USBD_CtlSendStatus)
    i.USBD_DFU_DeInit                        0x08002286   Section        0  usbd_dfu.o(i.USBD_DFU_DeInit)
    USBD_DFU_DeInit                          0x08002287   Thumb Code    62  usbd_dfu.o(i.USBD_DFU_DeInit)
    i.USBD_DFU_EP0_RxReady                   0x080022c4   Section        0  usbd_dfu.o(i.USBD_DFU_EP0_RxReady)
    USBD_DFU_EP0_RxReady                     0x080022c5   Thumb Code     4  usbd_dfu.o(i.USBD_DFU_EP0_RxReady)
    i.USBD_DFU_EP0_TxReady                   0x080022c8   Section        0  usbd_dfu.o(i.USBD_DFU_EP0_TxReady)
    USBD_DFU_EP0_TxReady                     0x080022c9   Thumb Code   208  usbd_dfu.o(i.USBD_DFU_EP0_TxReady)
    i.USBD_DFU_GetCfgDesc                    0x08002398   Section        0  usbd_dfu.o(i.USBD_DFU_GetCfgDesc)
    USBD_DFU_GetCfgDesc                      0x08002399   Thumb Code     8  usbd_dfu.o(i.USBD_DFU_GetCfgDesc)
    i.USBD_DFU_GetDeviceQualifierDesc        0x080023a4   Section        0  usbd_dfu.o(i.USBD_DFU_GetDeviceQualifierDesc)
    USBD_DFU_GetDeviceQualifierDesc          0x080023a5   Thumb Code     8  usbd_dfu.o(i.USBD_DFU_GetDeviceQualifierDesc)
    i.USBD_DFU_GetUsrStringDesc              0x080023b0   Section        0  usbd_dfu.o(i.USBD_DFU_GetUsrStringDesc)
    USBD_DFU_GetUsrStringDesc                0x080023b1   Thumb Code    26  usbd_dfu.o(i.USBD_DFU_GetUsrStringDesc)
    i.USBD_DFU_Init                          0x080023d0   Section        0  usbd_dfu.o(i.USBD_DFU_Init)
    USBD_DFU_Init                            0x080023d1   Thumb Code    76  usbd_dfu.o(i.USBD_DFU_Init)
    i.USBD_DFU_RegisterMedia                 0x08002420   Section        0  usbd_dfu.o(i.USBD_DFU_RegisterMedia)
    i.USBD_DFU_SOF                           0x0800242e   Section        0  usbd_dfu.o(i.USBD_DFU_SOF)
    USBD_DFU_SOF                             0x0800242f   Thumb Code     4  usbd_dfu.o(i.USBD_DFU_SOF)
    i.USBD_DFU_Setup                         0x08002434   Section        0  usbd_dfu.o(i.USBD_DFU_Setup)
    USBD_DFU_Setup                           0x08002435   Thumb Code   344  usbd_dfu.o(i.USBD_DFU_Setup)
    i.USBD_FS_ConfigStrDescriptor            0x08002590   Section        0  usbd_desc.o(i.USBD_FS_ConfigStrDescriptor)
    i.USBD_FS_DeviceDescriptor               0x080025b0   Section        0  usbd_desc.o(i.USBD_FS_DeviceDescriptor)
    i.USBD_FS_InterfaceStrDescriptor         0x080025bc   Section        0  usbd_desc.o(i.USBD_FS_InterfaceStrDescriptor)
    i.USBD_FS_LangIDStrDescriptor            0x080025e0   Section        0  usbd_desc.o(i.USBD_FS_LangIDStrDescriptor)
    i.USBD_FS_ManufacturerStrDescriptor      0x080025ec   Section        0  usbd_desc.o(i.USBD_FS_ManufacturerStrDescriptor)
    i.USBD_FS_ProductStrDescriptor           0x08002614   Section        0  usbd_desc.o(i.USBD_FS_ProductStrDescriptor)
    i.USBD_FS_SerialStrDescriptor            0x08002648   Section        0  usbd_desc.o(i.USBD_FS_SerialStrDescriptor)
    i.USBD_GetDescriptor                     0x08002680   Section        0  usbd_ctlreq.o(i.USBD_GetDescriptor)
    USBD_GetDescriptor                       0x08002681   Thumb Code   248  usbd_ctlreq.o(i.USBD_GetDescriptor)
    i.USBD_GetString                         0x08002778   Section        0  usbd_ctlreq.o(i.USBD_GetString)
    i.USBD_Get_USB_Status                    0x080027c0   Section        0  usbd_conf.o(i.USBD_Get_USB_Status)
    i.USBD_Init                              0x080027d8   Section        0  usbd_core.o(i.USBD_Init)
    i.USBD_LL_ClearStallEP                   0x0800280c   Section        0  usbd_conf.o(i.USBD_LL_ClearStallEP)
    i.USBD_LL_DataInStage                    0x0800281e   Section        0  usbd_core.o(i.USBD_LL_DataInStage)
    i.USBD_LL_DataOutStage                   0x080028c8   Section        0  usbd_core.o(i.USBD_LL_DataOutStage)
    i.USBD_LL_DevConnected                   0x08002936   Section        0  usbd_core.o(i.USBD_LL_DevConnected)
    i.USBD_LL_DevDisconnected                0x0800293a   Section        0  usbd_core.o(i.USBD_LL_DevDisconnected)
    i.USBD_LL_Init                           0x08002954   Section        0  usbd_conf.o(i.USBD_LL_Init)
    i.USBD_LL_IsStallEP                      0x080029b4   Section        0  usbd_conf.o(i.USBD_LL_IsStallEP)
    i.USBD_LL_IsoINIncomplete                0x080029d4   Section        0  usbd_core.o(i.USBD_LL_IsoINIncomplete)
    i.USBD_LL_IsoOUTIncomplete               0x080029d8   Section        0  usbd_core.o(i.USBD_LL_IsoOUTIncomplete)
    i.USBD_LL_OpenEP                         0x080029dc   Section        0  usbd_conf.o(i.USBD_LL_OpenEP)
    i.USBD_LL_PrepareReceive                 0x080029f4   Section        0  usbd_conf.o(i.USBD_LL_PrepareReceive)
    i.USBD_LL_Reset                          0x08002a06   Section        0  usbd_core.o(i.USBD_LL_Reset)
    i.USBD_LL_Resume                         0x08002a58   Section        0  usbd_core.o(i.USBD_LL_Resume)
    i.USBD_LL_SOF                            0x08002a6c   Section        0  usbd_core.o(i.USBD_LL_SOF)
    i.USBD_LL_SetSpeed                       0x08002a84   Section        0  usbd_core.o(i.USBD_LL_SetSpeed)
    i.USBD_LL_SetUSBAddress                  0x08002a8a   Section        0  usbd_conf.o(i.USBD_LL_SetUSBAddress)
    i.USBD_LL_SetupStage                     0x08002a9c   Section        0  usbd_core.o(i.USBD_LL_SetupStage)
    i.USBD_LL_StallEP                        0x08002afc   Section        0  usbd_conf.o(i.USBD_LL_StallEP)
    i.USBD_LL_Start                          0x08002b0e   Section        0  usbd_conf.o(i.USBD_LL_Start)
    i.USBD_LL_Stop                           0x08002b20   Section        0  usbd_conf.o(i.USBD_LL_Stop)
    i.USBD_LL_Suspend                        0x08002b32   Section        0  usbd_core.o(i.USBD_LL_Suspend)
    i.USBD_LL_Transmit                       0x08002b44   Section        0  usbd_conf.o(i.USBD_LL_Transmit)
    i.USBD_ParseSetupRequest                 0x08002b56   Section        0  usbd_ctlreq.o(i.USBD_ParseSetupRequest)
    i.USBD_RegisterClass                     0x08002b82   Section        0  usbd_core.o(i.USBD_RegisterClass)
    i.USBD_SetClassConfig                    0x08002ba4   Section        0  usbd_core.o(i.USBD_SetClassConfig)
    i.USBD_SetConfig                         0x08002bb8   Section        0  usbd_ctlreq.o(i.USBD_SetConfig)
    USBD_SetConfig                           0x08002bb9   Thumb Code   182  usbd_ctlreq.o(i.USBD_SetConfig)
    i.USBD_Start                             0x08002c74   Section        0  usbd_core.o(i.USBD_Start)
    i.USBD_StdDevReq                         0x08002c78   Section        0  usbd_ctlreq.o(i.USBD_StdDevReq)
    i.USBD_StdEPReq                          0x08002d8c   Section        0  usbd_ctlreq.o(i.USBD_StdEPReq)
    i.USBD_StdItfReq                         0x08002ed8   Section        0  usbd_ctlreq.o(i.USBD_StdItfReq)
    i.USBD_Stop                              0x08002f2a   Section        0  usbd_core.o(i.USBD_Stop)
    i.USB_ActivateEndpoint                   0x08002f54   Section        0  stm32f4xx_ll_usb.o(i.USB_ActivateEndpoint)
    i.USB_ActivateSetup                      0x08002fd4   Section        0  stm32f4xx_ll_usb.o(i.USB_ActivateSetup)
    i.USB_CoreInit                           0x08002ff0   Section        0  stm32f4xx_ll_usb.o(i.USB_CoreInit)
    i.USB_CoreReset                          0x08003064   Section        0  stm32f4xx_ll_usb.o(i.USB_CoreReset)
    USB_CoreReset                            0x08003065   Thumb Code    50  stm32f4xx_ll_usb.o(i.USB_CoreReset)
    i.USB_DevConnect                         0x0800309c   Section        0  stm32f4xx_ll_usb.o(i.USB_DevConnect)
    i.USB_DevDisconnect                      0x080030b8   Section        0  stm32f4xx_ll_usb.o(i.USB_DevDisconnect)
    i.USB_DevInit                            0x080030d4   Section        0  stm32f4xx_ll_usb.o(i.USB_DevInit)
    i.USB_DisableGlobalInt                   0x08003248   Section        0  stm32f4xx_ll_usb.o(i.USB_DisableGlobalInt)
    i.USB_EP0StartXfer                       0x08003254   Section        0  stm32f4xx_ll_usb.o(i.USB_EP0StartXfer)
    i.USB_EP0_OutStart                       0x0800336c   Section        0  stm32f4xx_ll_usb.o(i.USB_EP0_OutStart)
    i.USB_EPClearStall                       0x080033c4   Section        0  stm32f4xx_ll_usb.o(i.USB_EPClearStall)
    i.USB_EPSetStall                         0x0800341c   Section        0  stm32f4xx_ll_usb.o(i.USB_EPSetStall)
    i.USB_EPStartXfer                        0x08003474   Section        0  stm32f4xx_ll_usb.o(i.USB_EPStartXfer)
    i.USB_EnableGlobalInt                    0x0800365c   Section        0  stm32f4xx_ll_usb.o(i.USB_EnableGlobalInt)
    i.USB_FlushRxFifo                        0x08003668   Section        0  stm32f4xx_ll_usb.o(i.USB_FlushRxFifo)
    i.USB_FlushTxFifo                        0x08003688   Section        0  stm32f4xx_ll_usb.o(i.USB_FlushTxFifo)
    i.USB_GetDevSpeed                        0x080036ac   Section        0  stm32f4xx_ll_usb.o(i.USB_GetDevSpeed)
    i.USB_GetMode                            0x080036c6   Section        0  stm32f4xx_ll_usb.o(i.USB_GetMode)
    i.USB_ReadDevAllInEpInterrupt            0x080036ce   Section        0  stm32f4xx_ll_usb.o(i.USB_ReadDevAllInEpInterrupt)
    i.USB_ReadDevAllOutEpInterrupt           0x080036dc   Section        0  stm32f4xx_ll_usb.o(i.USB_ReadDevAllOutEpInterrupt)
    i.USB_ReadDevInEPInterrupt               0x080036ea   Section        0  stm32f4xx_ll_usb.o(i.USB_ReadDevInEPInterrupt)
    i.USB_ReadDevOutEPInterrupt              0x0800370e   Section        0  stm32f4xx_ll_usb.o(i.USB_ReadDevOutEPInterrupt)
    i.USB_ReadInterrupts                     0x0800371e   Section        0  stm32f4xx_ll_usb.o(i.USB_ReadInterrupts)
    i.USB_ReadPacket                         0x08003726   Section        0  stm32f4xx_ll_usb.o(i.USB_ReadPacket)
    i.USB_SetCurrentMode                     0x08003742   Section        0  stm32f4xx_ll_usb.o(i.USB_SetCurrentMode)
    i.USB_SetDevAddress                      0x08003770   Section        0  stm32f4xx_ll_usb.o(i.USB_SetDevAddress)
    i.USB_SetTurnaroundTime                  0x08003794   Section        0  stm32f4xx_ll_usb.o(i.USB_SetTurnaroundTime)
    i.USB_WritePacket                        0x0800387c   Section        0  stm32f4xx_ll_usb.o(i.USB_WritePacket)
    i.UsageFault_Handler                     0x080038a0   Section        0  stm32f4xx_it.o(i.UsageFault_Handler)
    i.Write_IIC_Byte                         0x080038a4   Section        0  oled.o(i.Write_IIC_Byte)
    i.Write_IIC_Command                      0x08003918   Section        0  oled.o(i.Write_IIC_Command)
    i.Write_IIC_Data                         0x08003946   Section        0  oled.o(i.Write_IIC_Data)
    i.__NVIC_SetPriority                     0x08003974   Section        0  stm32f4xx_hal_cortex.o(i.__NVIC_SetPriority)
    __NVIC_SetPriority                       0x08003975   Thumb Code    32  stm32f4xx_hal_cortex.o(i.__NVIC_SetPriority)
    i.__scatterload_copy                     0x08003994   Section       14  handlers.o(i.__scatterload_copy)
    i.__scatterload_null                     0x080039a2   Section        2  handlers.o(i.__scatterload_null)
    i.__scatterload_zeroinit                 0x080039a4   Section       14  handlers.o(i.__scatterload_zeroinit)
    i.delay_us                               0x080039b2   Section        0  oled.o(i.delay_us)
    i.free                                   0x080039c0   Section        0  malloc.o(i.free)
    i.main                                   0x08003a10   Section        0  main.o(i.main)
    i.malloc                                 0x08003ae0   Section        0  malloc.o(i.malloc)
    .constdata                               0x08003b4c   Section       16  system_stm32f4xx.o(.constdata)
    .constdata                               0x08003b5c   Section     2072  oled.o(.constdata)
    .conststring                             0x08004374   Section       66  usbd_dfu_if.o(.conststring)
    .data                                    0x20000000   Section       12  main.o(.data)
    .data                                    0x2000000c   Section       28  usbd_desc.o(.data)
    .data                                    0x20000028   Section       50  usbd_desc.o(.data)
    .data                                    0x2000005c   Section       28  usbd_dfu_if.o(.data)
    .data                                    0x20000078   Section       12  stm32f4xx_hal.o(.data)
    .data                                    0x20000084   Section        4  system_stm32f4xx.o(.data)
    .data                                    0x20000088   Section        1  usbd_ctlreq.o(.data)
    cfgidx                                   0x20000088   Data           1  usbd_ctlreq.o(.data)
    .data                                    0x2000008c   Section       60  usbd_dfu.o(.data)
    .data                                    0x200000c8   Section       38  usbd_dfu.o(.data)
    USBD_DFU_CfgDesc                         0x200000c8   Data          27  usbd_dfu.o(.data)
    USBD_DFU_DeviceQualifierDesc             0x200000e4   Data          10  usbd_dfu.o(.data)
    .data                                    0x200000f0   Section        4  mvars.o(.data)
    .data                                    0x200000f4   Section        4  mvars.o(.data)
    .bss                                     0x200000f8   Section      720  usb_device.o(.bss)
    .bss                                     0x200003c8   Section     1032  usbd_conf.o(.bss)
    .bss                                     0x200007d0   Section      512  usbd_desc.o(.bss)
    .bss                                     0x200009d0   Section       32  stm32f4xx_hal_flash.o(.bss)
    .bss                                     0x200009f0   Section      255  usbd_dfu.o(.bss)
    USBD_StrDesc                             0x200009f0   Data         255  usbd_dfu.o(.bss)
    HEAP                                     0x20000af0   Section    32768  startup_stm32f411xe.o(HEAP)
    STACK                                    0x20008af0   Section     4096  startup_stm32f411xe.o(STACK)

    Global Symbols

    Symbol Name                              Value     Ov Type        Size  Object(Section)

    BuildAttributes$$THM_ISAv4$E$P$D$K$B$S$7EM$VFPi3$EXTD16$VFPS$VFMA$PE$A:L22UL41UL21$X:L11$S22US41US21$IEEE1$IW$USESV6$~STKCKD$USESV7$~SHL$OSPACE$EBA8$MICROLIB$REQ8$PRES8$EABIv2 0x00000000   Number         0  anon$$obj.o ABSOLUTE
    __ARM_use_no_argv                        0x00000000   Number         0  main.o ABSOLUTE
    __cpp_initialize__aeabi_                  - Undefined Weak Reference
    __cxa_finalize                            - Undefined Weak Reference
    __decompress                              - Undefined Weak Reference
    _clock_init                               - Undefined Weak Reference
    _microlib_exit                            - Undefined Weak Reference
    __Vectors_Size                           0x00000198   Number         0  startup_stm32f411xe.o ABSOLUTE
    __Vectors                                0x08000000   Data           4  startup_stm32f411xe.o(RESET)
    __Vectors_End                            0x08000198   Data           0  startup_stm32f411xe.o(RESET)
    __main                                   0x08000199   Thumb Code     0  entry.o(.ARM.Collect$$$$00000000)
    _main_stk                                0x08000199   Thumb Code     0  entry2.o(.ARM.Collect$$$$00000001)
    _main_scatterload                        0x0800019d   Thumb Code     0  entry5.o(.ARM.Collect$$$$00000004)
    __main_after_scatterload                 0x080001a1   Thumb Code     0  entry5.o(.ARM.Collect$$$$00000004)
    _main_clock                              0x080001a1   Thumb Code     0  entry7b.o(.ARM.Collect$$$$00000008)
    _main_cpp_init                           0x080001a1   Thumb Code     0  entry8b.o(.ARM.Collect$$$$0000000A)
    _main_init                               0x080001a1   Thumb Code     0  entry9a.o(.ARM.Collect$$$$0000000B)
    __rt_final_cpp                           0x080001a9   Thumb Code     0  entry10a.o(.ARM.Collect$$$$0000000D)
    __rt_final_exit                          0x080001a9   Thumb Code     0  entry11a.o(.ARM.Collect$$$$0000000F)
    Reset_Handler                            0x080001ad   Thumb Code     8  startup_stm32f411xe.o(.text)
    ADC_IRQHandler                           0x080001c7   Thumb Code     0  startup_stm32f411xe.o(.text)
    DMA1_Stream0_IRQHandler                  0x080001c7   Thumb Code     0  startup_stm32f411xe.o(.text)
    DMA1_Stream1_IRQHandler                  0x080001c7   Thumb Code     0  startup_stm32f411xe.o(.text)
    DMA1_Stream2_IRQHandler                  0x080001c7   Thumb Code     0  startup_stm32f411xe.o(.text)
    DMA1_Stream3_IRQHandler                  0x080001c7   Thumb Code     0  startup_stm32f411xe.o(.text)
    DMA1_Stream4_IRQHandler                  0x080001c7   Thumb Code     0  startup_stm32f411xe.o(.text)
    DMA1_Stream5_IRQHandler                  0x080001c7   Thumb Code     0  startup_stm32f411xe.o(.text)
    DMA1_Stream6_IRQHandler                  0x080001c7   Thumb Code     0  startup_stm32f411xe.o(.text)
    DMA1_Stream7_IRQHandler                  0x080001c7   Thumb Code     0  startup_stm32f411xe.o(.text)
    DMA2_Stream0_IRQHandler                  0x080001c7   Thumb Code     0  startup_stm32f411xe.o(.text)
    DMA2_Stream1_IRQHandler                  0x080001c7   Thumb Code     0  startup_stm32f411xe.o(.text)
    DMA2_Stream2_IRQHandler                  0x080001c7   Thumb Code     0  startup_stm32f411xe.o(.text)
    DMA2_Stream3_IRQHandler                  0x080001c7   Thumb Code     0  startup_stm32f411xe.o(.text)
    DMA2_Stream4_IRQHandler                  0x080001c7   Thumb Code     0  startup_stm32f411xe.o(.text)
    DMA2_Stream5_IRQHandler                  0x080001c7   Thumb Code     0  startup_stm32f411xe.o(.text)
    DMA2_Stream6_IRQHandler                  0x080001c7   Thumb Code     0  startup_stm32f411xe.o(.text)
    DMA2_Stream7_IRQHandler                  0x080001c7   Thumb Code     0  startup_stm32f411xe.o(.text)
    EXTI0_IRQHandler                         0x080001c7   Thumb Code     0  startup_stm32f411xe.o(.text)
    EXTI15_10_IRQHandler                     0x080001c7   Thumb Code     0  startup_stm32f411xe.o(.text)
    EXTI1_IRQHandler                         0x080001c7   Thumb Code     0  startup_stm32f411xe.o(.text)
    EXTI2_IRQHandler                         0x080001c7   Thumb Code     0  startup_stm32f411xe.o(.text)
    EXTI3_IRQHandler                         0x080001c7   Thumb Code     0  startup_stm32f411xe.o(.text)
    EXTI4_IRQHandler                         0x080001c7   Thumb Code     0  startup_stm32f411xe.o(.text)
    EXTI9_5_IRQHandler                       0x080001c7   Thumb Code     0  startup_stm32f411xe.o(.text)
    FLASH_IRQHandler                         0x080001c7   Thumb Code     0  startup_stm32f411xe.o(.text)
    FPU_IRQHandler                           0x080001c7   Thumb Code     0  startup_stm32f411xe.o(.text)
    I2C1_ER_IRQHandler                       0x080001c7   Thumb Code     0  startup_stm32f411xe.o(.text)
    I2C1_EV_IRQHandler                       0x080001c7   Thumb Code     0  startup_stm32f411xe.o(.text)
    I2C2_ER_IRQHandler                       0x080001c7   Thumb Code     0  startup_stm32f411xe.o(.text)
    I2C2_EV_IRQHandler                       0x080001c7   Thumb Code     0  startup_stm32f411xe.o(.text)
    I2C3_ER_IRQHandler                       0x080001c7   Thumb Code     0  startup_stm32f411xe.o(.text)
    I2C3_EV_IRQHandler                       0x080001c7   Thumb Code     0  startup_stm32f411xe.o(.text)
    OTG_FS_WKUP_IRQHandler                   0x080001c7   Thumb Code     0  startup_stm32f411xe.o(.text)
    PVD_IRQHandler                           0x080001c7   Thumb Code     0  startup_stm32f411xe.o(.text)
    RCC_IRQHandler                           0x080001c7   Thumb Code     0  startup_stm32f411xe.o(.text)
    RTC_Alarm_IRQHandler                     0x080001c7   Thumb Code     0  startup_stm32f411xe.o(.text)
    RTC_WKUP_IRQHandler                      0x080001c7   Thumb Code     0  startup_stm32f411xe.o(.text)
    SDIO_IRQHandler                          0x080001c7   Thumb Code     0  startup_stm32f411xe.o(.text)
    SPI1_IRQHandler                          0x080001c7   Thumb Code     0  startup_stm32f411xe.o(.text)
    SPI2_IRQHandler                          0x080001c7   Thumb Code     0  startup_stm32f411xe.o(.text)
    SPI3_IRQHandler                          0x080001c7   Thumb Code     0  startup_stm32f411xe.o(.text)
    SPI4_IRQHandler                          0x080001c7   Thumb Code     0  startup_stm32f411xe.o(.text)
    SPI5_IRQHandler                          0x080001c7   Thumb Code     0  startup_stm32f411xe.o(.text)
    TAMP_STAMP_IRQHandler                    0x080001c7   Thumb Code     0  startup_stm32f411xe.o(.text)
    TIM1_BRK_TIM9_IRQHandler                 0x080001c7   Thumb Code     0  startup_stm32f411xe.o(.text)
    TIM1_CC_IRQHandler                       0x080001c7   Thumb Code     0  startup_stm32f411xe.o(.text)
    TIM1_TRG_COM_TIM11_IRQHandler            0x080001c7   Thumb Code     0  startup_stm32f411xe.o(.text)
    TIM1_UP_TIM10_IRQHandler                 0x080001c7   Thumb Code     0  startup_stm32f411xe.o(.text)
    TIM2_IRQHandler                          0x080001c7   Thumb Code     0  startup_stm32f411xe.o(.text)
    TIM3_IRQHandler                          0x080001c7   Thumb Code     0  startup_stm32f411xe.o(.text)
    TIM4_IRQHandler                          0x080001c7   Thumb Code     0  startup_stm32f411xe.o(.text)
    TIM5_IRQHandler                          0x080001c7   Thumb Code     0  startup_stm32f411xe.o(.text)
    USART1_IRQHandler                        0x080001c7   Thumb Code     0  startup_stm32f411xe.o(.text)
    USART2_IRQHandler                        0x080001c7   Thumb Code     0  startup_stm32f411xe.o(.text)
    USART6_IRQHandler                        0x080001c7   Thumb Code     0  startup_stm32f411xe.o(.text)
    WWDG_IRQHandler                          0x080001c7   Thumb Code     0  startup_stm32f411xe.o(.text)
    __aeabi_uldivmod                         0x080001d1   Thumb Code    98  uldiv.o(.text)
    __aeabi_memcpy                           0x08000233   Thumb Code    36  memcpya.o(.text)
    __aeabi_memcpy4                          0x08000233   Thumb Code     0  memcpya.o(.text)
    __aeabi_memcpy8                          0x08000233   Thumb Code     0  memcpya.o(.text)
    __aeabi_memset                           0x08000257   Thumb Code    14  memseta.o(.text)
    __aeabi_memset4                          0x08000257   Thumb Code     0  memseta.o(.text)
    __aeabi_memset8                          0x08000257   Thumb Code     0  memseta.o(.text)
    __aeabi_memclr                           0x08000265   Thumb Code     4  memseta.o(.text)
    __aeabi_memclr4                          0x08000265   Thumb Code     0  memseta.o(.text)
    __aeabi_memclr8                          0x08000265   Thumb Code     0  memseta.o(.text)
    _memset$wrapper                          0x08000269   Thumb Code    18  memseta.o(.text)
    __aeabi_llsl                             0x0800027b   Thumb Code    30  llshl.o(.text)
    _ll_shift_l                              0x0800027b   Thumb Code     0  llshl.o(.text)
    __aeabi_llsr                             0x08000299   Thumb Code    32  llushr.o(.text)
    _ll_ushift_r                             0x08000299   Thumb Code     0  llushr.o(.text)
    __scatterload                            0x080002b9   Thumb Code    28  init.o(.text)
    __scatterload_rt2                        0x080002b9   Thumb Code     0  init.o(.text)
    BusFault_Handler                         0x080002dd   Thumb Code     2  stm32f4xx_it.o(i.BusFault_Handler)
    DebugMon_Handler                         0x080005af   Thumb Code     2  stm32f4xx_it.o(i.DebugMon_Handler)
    Error_Handler                            0x080005b1   Thumb Code     2  main.o(i.Error_Handler)
    FLASH_Erase_Sector                       0x080005b5   Thumb Code    74  stm32f4xx_hal_flash_ex.o(i.FLASH_Erase_Sector)
    FLASH_FlushCaches                        0x08000605   Thumb Code    80  stm32f4xx_hal_flash_ex.o(i.FLASH_FlushCaches)
    FLASH_WaitForLastOperation               0x08000791   Thumb Code    72  stm32f4xx_hal_flash.o(i.FLASH_WaitForLastOperation)
    HAL_Delay                                0x080007e1   Thumb Code    32  stm32f4xx_hal.o(i.HAL_Delay)
    HAL_FLASHEx_Erase                        0x08000805   Thumb Code   144  stm32f4xx_hal_flash_ex.o(i.HAL_FLASHEx_Erase)
    HAL_FLASH_Lock                           0x0800089d   Thumb Code    14  stm32f4xx_hal_flash.o(i.HAL_FLASH_Lock)
    HAL_FLASH_Program                        0x080008b1   Thumb Code   116  stm32f4xx_hal_flash.o(i.HAL_FLASH_Program)
    HAL_FLASH_Unlock                         0x0800092d   Thumb Code    32  stm32f4xx_hal_flash.o(i.HAL_FLASH_Unlock)
    HAL_GPIO_Init                            0x08000959   Thumb Code   370  stm32f4xx_hal_gpio.o(i.HAL_GPIO_Init)
    HAL_GPIO_ReadPin                         0x08000aed   Thumb Code    10  stm32f4xx_hal_gpio.o(i.HAL_GPIO_ReadPin)
    HAL_GPIO_WritePin                        0x08000af7   Thumb Code    10  stm32f4xx_hal_gpio.o(i.HAL_GPIO_WritePin)
    HAL_GetTick                              0x08000b01   Thumb Code     6  stm32f4xx_hal.o(i.HAL_GetTick)
    HAL_IncTick                              0x08000b0d   Thumb Code    12  stm32f4xx_hal.o(i.HAL_IncTick)
    HAL_Init                                 0x08000b1d   Thumb Code    48  stm32f4xx_hal.o(i.HAL_Init)
    HAL_InitTick                             0x08000b51   Thumb Code    54  stm32f4xx_hal.o(i.HAL_InitTick)
    HAL_MspInit                              0x08000b91   Thumb Code    42  stm32f4xx_hal_msp.o(i.HAL_MspInit)
    HAL_NVIC_EnableIRQ                       0x08000bc1   Thumb Code    26  stm32f4xx_hal_cortex.o(i.HAL_NVIC_EnableIRQ)
    HAL_NVIC_SetPriority                     0x08000bdd   Thumb Code    60  stm32f4xx_hal_cortex.o(i.HAL_NVIC_SetPriority)
    HAL_NVIC_SetPriorityGrouping             0x08000c1d   Thumb Code    26  stm32f4xx_hal_cortex.o(i.HAL_NVIC_SetPriorityGrouping)
    HAL_PCDEx_LPM_Callback                   0x08000c41   Thumb Code     2  stm32f4xx_hal_pcd_ex.o(i.HAL_PCDEx_LPM_Callback)
    HAL_PCDEx_SetRxFiFo                      0x08000c43   Thumb Code     8  stm32f4xx_hal_pcd_ex.o(i.HAL_PCDEx_SetRxFiFo)
    HAL_PCDEx_SetTxFiFo                      0x08000c4b   Thumb Code    68  stm32f4xx_hal_pcd_ex.o(i.HAL_PCDEx_SetTxFiFo)
    HAL_PCD_ConnectCallback                  0x08000c8f   Thumb Code     8  usbd_conf.o(i.HAL_PCD_ConnectCallback)
    HAL_PCD_DataInStageCallback              0x08000c97   Thumb Code    18  usbd_conf.o(i.HAL_PCD_DataInStageCallback)
    HAL_PCD_DataOutStageCallback             0x08000ca9   Thumb Code    20  usbd_conf.o(i.HAL_PCD_DataOutStageCallback)
    HAL_PCD_DisconnectCallback               0x08000cbd   Thumb Code     8  usbd_conf.o(i.HAL_PCD_DisconnectCallback)
    HAL_PCD_EP_ClrStall                      0x08000cc5   Thumb Code    92  stm32f4xx_hal_pcd.o(i.HAL_PCD_EP_ClrStall)
    HAL_PCD_EP_Open                          0x08000d21   Thumb Code    96  stm32f4xx_hal_pcd.o(i.HAL_PCD_EP_Open)
    HAL_PCD_EP_Receive                       0x08000d81   Thumb Code    72  stm32f4xx_hal_pcd.o(i.HAL_PCD_EP_Receive)
    HAL_PCD_EP_SetStall                      0x08000dc9   Thumb Code   116  stm32f4xx_hal_pcd.o(i.HAL_PCD_EP_SetStall)
    HAL_PCD_EP_Transmit                      0x08000e3d   Thumb Code    64  stm32f4xx_hal_pcd.o(i.HAL_PCD_EP_Transmit)
    HAL_PCD_IRQHandler                       0x08000e7d   Thumb Code  1070  stm32f4xx_hal_pcd.o(i.HAL_PCD_IRQHandler)
    HAL_PCD_ISOINIncompleteCallback          0x080012b1   Thumb Code     8  usbd_conf.o(i.HAL_PCD_ISOINIncompleteCallback)
    HAL_PCD_ISOOUTIncompleteCallback         0x080012b9   Thumb Code     8  usbd_conf.o(i.HAL_PCD_ISOOUTIncompleteCallback)
    HAL_PCD_Init                             0x080012c1   Thumb Code   226  stm32f4xx_hal_pcd.o(i.HAL_PCD_Init)
    HAL_PCD_MspInit                          0x080013a5   Thumb Code   122  usbd_conf.o(i.HAL_PCD_MspInit)
    HAL_PCD_ResetCallback                    0x08001429   Thumb Code    38  usbd_conf.o(i.HAL_PCD_ResetCallback)
    HAL_PCD_ResumeCallback                   0x0800144f   Thumb Code     8  usbd_conf.o(i.HAL_PCD_ResumeCallback)
    HAL_PCD_SOFCallback                      0x08001457   Thumb Code     8  usbd_conf.o(i.HAL_PCD_SOFCallback)
    HAL_PCD_SetAddress                       0x0800145f   Thumb Code    40  stm32f4xx_hal_pcd.o(i.HAL_PCD_SetAddress)
    HAL_PCD_SetupStageCallback               0x08001487   Thumb Code    14  usbd_conf.o(i.HAL_PCD_SetupStageCallback)
    HAL_PCD_Start                            0x08001495   Thumb Code    66  stm32f4xx_hal_pcd.o(i.HAL_PCD_Start)
    HAL_PCD_Stop                             0x080014d7   Thumb Code    74  stm32f4xx_hal_pcd.o(i.HAL_PCD_Stop)
    HAL_PCD_SuspendCallback                  0x08001521   Thumb Code    44  usbd_conf.o(i.HAL_PCD_SuspendCallback)
    HAL_RCC_ClockConfig                      0x08001551   Thumb Code   288  stm32f4xx_hal_rcc.o(i.HAL_RCC_ClockConfig)
    HAL_RCC_GetHCLKFreq                      0x08001685   Thumb Code     6  stm32f4xx_hal_rcc.o(i.HAL_RCC_GetHCLKFreq)
    HAL_RCC_GetSysClockFreq                  0x08001691   Thumb Code    88  stm32f4xx_hal_rcc.o(i.HAL_RCC_GetSysClockFreq)
    HAL_RCC_OscConfig                        0x080016f1   Thumb Code   840  stm32f4xx_hal_rcc.o(i.HAL_RCC_OscConfig)
    HAL_SYSTICK_Config                       0x08001a4d   Thumb Code    40  stm32f4xx_hal_cortex.o(i.HAL_SYSTICK_Config)
    HardFault_Handler                        0x08001a75   Thumb Code     2  stm32f4xx_it.o(i.HardFault_Handler)
    MX_USB_DEVICE_Init                       0x08001c75   Thumb Code    66  usb_device.o(i.MX_USB_DEVICE_Init)
    MemManage_Handler                        0x08001cc9   Thumb Code     2  stm32f4xx_it.o(i.MemManage_Handler)
    NMI_Handler                              0x08001ccb   Thumb Code     2  stm32f4xx_it.o(i.NMI_Handler)
    OLED_Clear                               0x08001ccd   Thumb Code    58  oled.o(i.OLED_Clear)
    OLED_IIC_Start                           0x08001d09   Thumb Code    76  oled.o(i.OLED_IIC_Start)
    OLED_IIC_Stop                            0x08001d59   Thumb Code    58  oled.o(i.OLED_IIC_Stop)
    OLED_IIC_Wait_Ack                        0x08001d99   Thumb Code    42  oled.o(i.OLED_IIC_Wait_Ack)
    OLED_Init                                0x08001dc9   Thumb Code   246  oled.o(i.OLED_Init)
    OLED_Set_Pos                             0x08001ebf   Thumb Code    42  oled.o(i.OLED_Set_Pos)
    OLED_ShowChar                            0x08001ee9   Thumb Code   128  oled.o(i.OLED_ShowChar)
    OLED_ShowString                          0x08001f71   Thumb Code    54  oled.o(i.OLED_ShowString)
    OLED_WR_Byte                             0x08001fa7   Thumb Code    12  oled.o(i.OLED_WR_Byte)
    OTG_FS_IRQHandler                        0x08001fb5   Thumb Code     6  stm32f4xx_it.o(i.OTG_FS_IRQHandler)
    PendSV_Handler                           0x0800212f   Thumb Code     2  stm32f4xx_it.o(i.PendSV_Handler)
    SVC_Handler                              0x08002131   Thumb Code     2  stm32f4xx_it.o(i.SVC_Handler)
    SysTick_Handler                          0x0800213d   Thumb Code     4  stm32f4xx_it.o(i.SysTick_Handler)
    SystemClock_Config                       0x08002141   Thumb Code   118  main.o(i.SystemClock_Config)
    SystemInit                               0x080021c1   Thumb Code    22  system_stm32f4xx.o(i.SystemInit)
    USBD_ClrClassConfig                      0x080021dd   Thumb Code    16  usbd_core.o(i.USBD_ClrClassConfig)
    USBD_CtlContinueRx                       0x080021ed   Thumb Code    16  usbd_ioreq.o(i.USBD_CtlContinueRx)
    USBD_CtlContinueSendData                 0x080021fd   Thumb Code    16  usbd_ioreq.o(i.USBD_CtlContinueSendData)
    USBD_CtlError                            0x0800220d   Thumb Code    22  usbd_ctlreq.o(i.USBD_CtlError)
    USBD_CtlPrepareRx                        0x08002223   Thumb Code    30  usbd_ioreq.o(i.USBD_CtlPrepareRx)
    USBD_CtlReceiveStatus                    0x08002241   Thumb Code    22  usbd_ioreq.o(i.USBD_CtlReceiveStatus)
    USBD_CtlSendData                         0x08002257   Thumb Code    26  usbd_ioreq.o(i.USBD_CtlSendData)
    USBD_CtlSendStatus                       0x08002271   Thumb Code    22  usbd_ioreq.o(i.USBD_CtlSendStatus)
    USBD_DFU_RegisterMedia                   0x08002421   Thumb Code    14  usbd_dfu.o(i.USBD_DFU_RegisterMedia)
    USBD_FS_ConfigStrDescriptor              0x08002591   Thumb Code    16  usbd_desc.o(i.USBD_FS_ConfigStrDescriptor)
    USBD_FS_DeviceDescriptor                 0x080025b1   Thumb Code     8  usbd_desc.o(i.USBD_FS_DeviceDescriptor)
    USBD_FS_InterfaceStrDescriptor           0x080025bd   Thumb Code    16  usbd_desc.o(i.USBD_FS_InterfaceStrDescriptor)
    USBD_FS_LangIDStrDescriptor              0x080025e1   Thumb Code     8  usbd_desc.o(i.USBD_FS_LangIDStrDescriptor)
    USBD_FS_ManufacturerStrDescriptor        0x080025ed   Thumb Code    16  usbd_desc.o(i.USBD_FS_ManufacturerStrDescriptor)
    USBD_FS_ProductStrDescriptor             0x08002615   Thumb Code    16  usbd_desc.o(i.USBD_FS_ProductStrDescriptor)
    USBD_FS_SerialStrDescriptor              0x08002649   Thumb Code    48  usbd_desc.o(i.USBD_FS_SerialStrDescriptor)
    USBD_GetString                           0x08002779   Thumb Code    72  usbd_ctlreq.o(i.USBD_GetString)
    USBD_Get_USB_Status                      0x080027c1   Thumb Code    24  usbd_conf.o(i.USBD_Get_USB_Status)
    USBD_Init                                0x080027d9   Thumb Code    52  usbd_core.o(i.USBD_Init)
    USBD_LL_ClearStallEP                     0x0800280d   Thumb Code    18  usbd_conf.o(i.USBD_LL_ClearStallEP)
    USBD_LL_DataInStage                      0x0800281f   Thumb Code   170  usbd_core.o(i.USBD_LL_DataInStage)
    USBD_LL_DataOutStage                     0x080028c9   Thumb Code   110  usbd_core.o(i.USBD_LL_DataOutStage)
    USBD_LL_DevConnected                     0x08002937   Thumb Code     4  usbd_core.o(i.USBD_LL_DevConnected)
    USBD_LL_DevDisconnected                  0x0800293b   Thumb Code    24  usbd_core.o(i.USBD_LL_DevDisconnected)
    USBD_LL_Init                             0x08002955   Thumb Code    90  usbd_conf.o(i.USBD_LL_Init)
    USBD_LL_IsStallEP                        0x080029b5   Thumb Code    32  usbd_conf.o(i.USBD_LL_IsStallEP)
    USBD_LL_IsoINIncomplete                  0x080029d5   Thumb Code     4  usbd_core.o(i.USBD_LL_IsoINIncomplete)
    USBD_LL_IsoOUTIncomplete                 0x080029d9   Thumb Code     4  usbd_core.o(i.USBD_LL_IsoOUTIncomplete)
    USBD_LL_OpenEP                           0x080029dd   Thumb Code    24  usbd_conf.o(i.USBD_LL_OpenEP)
    USBD_LL_PrepareReceive                   0x080029f5   Thumb Code    18  usbd_conf.o(i.USBD_LL_PrepareReceive)
    USBD_LL_Reset                            0x08002a07   Thumb Code    82  usbd_core.o(i.USBD_LL_Reset)
    USBD_LL_Resume                           0x08002a59   Thumb Code    20  usbd_core.o(i.USBD_LL_Resume)
    USBD_LL_SOF                              0x08002a6d   Thumb Code    24  usbd_core.o(i.USBD_LL_SOF)
    USBD_LL_SetSpeed                         0x08002a85   Thumb Code     6  usbd_core.o(i.USBD_LL_SetSpeed)
    USBD_LL_SetUSBAddress                    0x08002a8b   Thumb Code    18  usbd_conf.o(i.USBD_LL_SetUSBAddress)
    USBD_LL_SetupStage                       0x08002a9d   Thumb Code    96  usbd_core.o(i.USBD_LL_SetupStage)
    USBD_LL_StallEP                          0x08002afd   Thumb Code    18  usbd_conf.o(i.USBD_LL_StallEP)
    USBD_LL_Start                            0x08002b0f   Thumb Code    18  usbd_conf.o(i.USBD_LL_Start)
    USBD_LL_Stop                             0x08002b21   Thumb Code    18  usbd_conf.o(i.USBD_LL_Stop)
    USBD_LL_Suspend                          0x08002b33   Thumb Code    18  usbd_core.o(i.USBD_LL_Suspend)
    USBD_LL_Transmit                         0x08002b45   Thumb Code    18  usbd_conf.o(i.USBD_LL_Transmit)
    USBD_ParseSetupRequest                   0x08002b57   Thumb Code    44  usbd_ctlreq.o(i.USBD_ParseSetupRequest)
    USBD_RegisterClass                       0x08002b83   Thumb Code    34  usbd_core.o(i.USBD_RegisterClass)
    USBD_SetClassConfig                      0x08002ba5   Thumb Code    20  usbd_core.o(i.USBD_SetClassConfig)
    USBD_Start                               0x08002c75   Thumb Code     4  usbd_core.o(i.USBD_Start)
    USBD_StdDevReq                           0x08002c79   Thumb Code   276  usbd_ctlreq.o(i.USBD_StdDevReq)
    USBD_StdEPReq                            0x08002d8d   Thumb Code   332  usbd_ctlreq.o(i.USBD_StdEPReq)
    USBD_StdItfReq                           0x08002ed9   Thumb Code    82  usbd_ctlreq.o(i.USBD_StdItfReq)
    USBD_Stop                                0x08002f2b   Thumb Code    40  usbd_core.o(i.USBD_Stop)
    USB_ActivateEndpoint                     0x08002f55   Thumb Code   122  stm32f4xx_ll_usb.o(i.USB_ActivateEndpoint)
    USB_ActivateSetup                        0x08002fd5   Thumb Code    28  stm32f4xx_ll_usb.o(i.USB_ActivateSetup)
    USB_CoreInit                             0x08002ff1   Thumb Code   112  stm32f4xx_ll_usb.o(i.USB_CoreInit)
    USB_DevConnect                           0x0800309d   Thumb Code    28  stm32f4xx_ll_usb.o(i.USB_DevConnect)
    USB_DevDisconnect                        0x080030b9   Thumb Code    28  stm32f4xx_ll_usb.o(i.USB_DevDisconnect)
    USB_DevInit                              0x080030d5   Thumb Code   362  stm32f4xx_ll_usb.o(i.USB_DevInit)
    USB_DisableGlobalInt                     0x08003249   Thumb Code    12  stm32f4xx_ll_usb.o(i.USB_DisableGlobalInt)
    USB_EP0StartXfer                         0x08003255   Thumb Code   276  stm32f4xx_ll_usb.o(i.USB_EP0StartXfer)
    USB_EP0_OutStart                         0x0800336d   Thumb Code    84  stm32f4xx_ll_usb.o(i.USB_EP0_OutStart)
    USB_EPClearStall                         0x080033c5   Thumb Code    88  stm32f4xx_ll_usb.o(i.USB_EPClearStall)
    USB_EPSetStall                           0x0800341d   Thumb Code    88  stm32f4xx_ll_usb.o(i.USB_EPSetStall)
    USB_EPStartXfer                          0x08003475   Thumb Code   482  stm32f4xx_ll_usb.o(i.USB_EPStartXfer)
    USB_EnableGlobalInt                      0x0800365d   Thumb Code    12  stm32f4xx_ll_usb.o(i.USB_EnableGlobalInt)
    USB_FlushRxFifo                          0x08003669   Thumb Code    28  stm32f4xx_ll_usb.o(i.USB_FlushRxFifo)
    USB_FlushTxFifo                          0x08003689   Thumb Code    32  stm32f4xx_ll_usb.o(i.USB_FlushTxFifo)
    USB_GetDevSpeed                          0x080036ad   Thumb Code    26  stm32f4xx_ll_usb.o(i.USB_GetDevSpeed)
    USB_GetMode                              0x080036c7   Thumb Code     8  stm32f4xx_ll_usb.o(i.USB_GetMode)
    USB_ReadDevAllInEpInterrupt              0x080036cf   Thumb Code    14  stm32f4xx_ll_usb.o(i.USB_ReadDevAllInEpInterrupt)
    USB_ReadDevAllOutEpInterrupt             0x080036dd   Thumb Code    14  stm32f4xx_ll_usb.o(i.USB_ReadDevAllOutEpInterrupt)
    USB_ReadDevInEPInterrupt                 0x080036eb   Thumb Code    36  stm32f4xx_ll_usb.o(i.USB_ReadDevInEPInterrupt)
    USB_ReadDevOutEPInterrupt                0x0800370f   Thumb Code    16  stm32f4xx_ll_usb.o(i.USB_ReadDevOutEPInterrupt)
    USB_ReadInterrupts                       0x0800371f   Thumb Code     8  stm32f4xx_ll_usb.o(i.USB_ReadInterrupts)
    USB_ReadPacket                           0x08003727   Thumb Code    28  stm32f4xx_ll_usb.o(i.USB_ReadPacket)
    USB_SetCurrentMode                       0x08003743   Thumb Code    46  stm32f4xx_ll_usb.o(i.USB_SetCurrentMode)
    USB_SetDevAddress                        0x08003771   Thumb Code    34  stm32f4xx_ll_usb.o(i.USB_SetDevAddress)
    USB_SetTurnaroundTime                    0x08003795   Thumb Code   158  stm32f4xx_ll_usb.o(i.USB_SetTurnaroundTime)
    USB_WritePacket                          0x0800387d   Thumb Code    36  stm32f4xx_ll_usb.o(i.USB_WritePacket)
    UsageFault_Handler                       0x080038a1   Thumb Code     2  stm32f4xx_it.o(i.UsageFault_Handler)
    Write_IIC_Byte                           0x080038a5   Thumb Code   112  oled.o(i.Write_IIC_Byte)
    Write_IIC_Command                        0x08003919   Thumb Code    46  oled.o(i.Write_IIC_Command)
    Write_IIC_Data                           0x08003947   Thumb Code    46  oled.o(i.Write_IIC_Data)
    __scatterload_copy                       0x08003995   Thumb Code    14  handlers.o(i.__scatterload_copy)
    __scatterload_null                       0x080039a3   Thumb Code     2  handlers.o(i.__scatterload_null)
    __scatterload_zeroinit                   0x080039a5   Thumb Code    14  handlers.o(i.__scatterload_zeroinit)
    delay_us                                 0x080039b3   Thumb Code    12  oled.o(i.delay_us)
    free                                     0x080039c1   Thumb Code    76  malloc.o(i.free)
    main                                     0x08003a11   Thumb Code   178  main.o(i.main)
    malloc                                   0x08003ae1   Thumb Code    92  malloc.o(i.malloc)
    AHBPrescTable                            0x08003b4c   Data          16  system_stm32f4xx.o(.constdata)
    F6x8                                     0x08003b5c   Data         552  oled.o(.constdata)
    F8X16                                    0x08003d84   Data        1520  oled.o(.constdata)
    Region$$Table$$Base                      0x080043b8   Number         0  anon$$obj.o(Region$$Table)
    Region$$Table$$Limit                     0x080043d8   Number         0  anon$$obj.o(Region$$Table)
    count                                    0x20000000   Data           4  main.o(.data)
    JumpToApplication                        0x20000004   Data           4  main.o(.data)
    JumpAddress                              0x20000008   Data           4  main.o(.data)
    FS_Desc                                  0x2000000c   Data          28  usbd_desc.o(.data)
    USBD_LangIDDesc                          0x20000028   Data           4  usbd_desc.o(.data)
    USBD_FS_DeviceDesc                       0x2000002c   Data          18  usbd_desc.o(.data)
    USBD_StringSerial                        0x20000040   Data          26  usbd_desc.o(.data)
    USBD_DFU_fops_FS                         0x2000005c   Data          28  usbd_dfu_if.o(.data)
    uwTickFreq                               0x20000078   Data           1  stm32f4xx_hal.o(.data)
    uwTickPrio                               0x2000007c   Data           4  stm32f4xx_hal.o(.data)
    uwTick                                   0x20000080   Data           4  stm32f4xx_hal.o(.data)
    SystemCoreClock                          0x20000084   Data           4  system_stm32f4xx.o(.data)
    USBD_DFU                                 0x2000008c   Data          60  usbd_dfu.o(.data)
    __microlib_freelist                      0x200000f0   Data           4  mvars.o(.data)
    __microlib_freelist_initialised          0x200000f4   Data           4  mvars.o(.data)
    hUsbDeviceFS                             0x200000f8   Data         720  usb_device.o(.bss)
    hpcd_USB_OTG_FS                          0x200003c8   Data        1032  usbd_conf.o(.bss)
    USBD_StrDesc                             0x200007d0   Data         512  usbd_desc.o(.bss)
    pFlash                                   0x200009d0   Data          32  stm32f4xx_hal_flash.o(.bss)
    __heap_base                              0x20000af0   Data           0  startup_stm32f411xe.o(HEAP)
    __heap_limit                             0x20008af0   Data           0  startup_stm32f411xe.o(HEAP)
    __initial_sp                             0x20009af0   Data           0  startup_stm32f411xe.o(STACK)



==============================================================================

Memory Map of the image

  Image Entry point : 0x08000199

  Load Region LR_IROM1 (Base: 0x08000000, Size: 0x000044d0, Max: 0x00080000, ABSOLUTE)

    Execution Region ER_IROM1 (Exec base: 0x08000000, Load base: 0x08000000, Size: 0x000043d8, Max: 0x00080000, ABSOLUTE)

    Exec Addr    Load Addr    Size         Type   Attr      Idx    E Section Name        Object

    0x08000000   0x08000000   0x00000198   Data   RO            3    RESET               startup_stm32f411xe.o
    0x08000198   0x08000198   0x00000000   Code   RO         3088  * .ARM.Collect$$$$00000000  mc_w.l(entry.o)
    0x08000198   0x08000198   0x00000004   Code   RO         3127    .ARM.Collect$$$$00000001  mc_w.l(entry2.o)
    0x0800019c   0x0800019c   0x00000004   Code   RO         3130    .ARM.Collect$$$$00000004  mc_w.l(entry5.o)
    0x080001a0   0x080001a0   0x00000000   Code   RO         3132    .ARM.Collect$$$$00000008  mc_w.l(entry7b.o)
    0x080001a0   0x080001a0   0x00000000   Code   RO         3134    .ARM.Collect$$$$0000000A  mc_w.l(entry8b.o)
    0x080001a0   0x080001a0   0x00000008   Code   RO         3135    .ARM.Collect$$$$0000000B  mc_w.l(entry9a.o)
    0x080001a8   0x080001a8   0x00000000   Code   RO         3137    .ARM.Collect$$$$0000000D  mc_w.l(entry10a.o)
    0x080001a8   0x080001a8   0x00000000   Code   RO         3139    .ARM.Collect$$$$0000000F  mc_w.l(entry11a.o)
    0x080001a8   0x080001a8   0x00000004   Code   RO         3128    .ARM.Collect$$$$00002712  mc_w.l(entry2.o)
    0x080001ac   0x080001ac   0x00000024   Code   RO            4    .text               startup_stm32f411xe.o
    0x080001d0   0x080001d0   0x00000062   Code   RO         3091    .text               mc_w.l(uldiv.o)
    0x08000232   0x08000232   0x00000024   Code   RO         3093    .text               mc_w.l(memcpya.o)
    0x08000256   0x08000256   0x00000024   Code   RO         3095    .text               mc_w.l(memseta.o)
    0x0800027a   0x0800027a   0x0000001e   Code   RO         3141    .text               mc_w.l(llshl.o)
    0x08000298   0x08000298   0x00000020   Code   RO         3143    .text               mc_w.l(llushr.o)
    0x080002b8   0x080002b8   0x00000024   Code   RO         3147    .text               mc_w.l(init.o)
    0x080002dc   0x080002dc   0x00000002   Code   RO          571    i.BusFault_Handler  stm32f4xx_it.o
    0x080002de   0x080002de   0x00000002   PAD
    0x080002e0   0x080002e0   0x00000070   Code   RO         2800    i.DFU_Detach        usbd_dfu.o
    0x08000350   0x08000350   0x00000066   Code   RO         2801    i.DFU_Download      usbd_dfu.o
    0x080003b6   0x080003b6   0x00000002   PAD
    0x080003b8   0x080003b8   0x000000b0   Code   RO         2802    i.DFU_GetStatus     usbd_dfu.o
    0x08000468   0x08000468   0x0000006c   Code   RO         2803    i.DFU_Leave         usbd_dfu.o
    0x080004d4   0x080004d4   0x000000da   Code   RO         2804    i.DFU_Upload        usbd_dfu.o
    0x080005ae   0x080005ae   0x00000002   Code   RO          572    i.DebugMon_Handler  stm32f4xx_it.o
    0x080005b0   0x080005b0   0x00000002   Code   RO           13    i.Error_Handler     main.o
    0x080005b2   0x080005b2   0x00000002   PAD
    0x080005b4   0x080005b4   0x00000050   Code   RO         1525    i.FLASH_Erase_Sector  stm32f4xx_hal_flash_ex.o
    0x08000604   0x08000604   0x00000054   Code   RO         1526    i.FLASH_FlushCaches  stm32f4xx_hal_flash_ex.o
    0x08000658   0x08000658   0x00000028   Code   RO         1527    i.FLASH_MassErase   stm32f4xx_hal_flash_ex.o
    0x08000680   0x08000680   0x00000020   Code   RO         1407    i.FLASH_Program_Byte  stm32f4xx_hal_flash.o
    0x080006a0   0x080006a0   0x0000002c   Code   RO         1408    i.FLASH_Program_DoubleWord  stm32f4xx_hal_flash.o
    0x080006cc   0x080006cc   0x00000024   Code   RO         1409    i.FLASH_Program_HalfWord  stm32f4xx_hal_flash.o
    0x080006f0   0x080006f0   0x00000024   Code   RO         1410    i.FLASH_Program_Word  stm32f4xx_hal_flash.o
    0x08000714   0x08000714   0x0000007c   Code   RO         1411    i.FLASH_SetErrorCode  stm32f4xx_hal_flash.o
    0x08000790   0x08000790   0x00000050   Code   RO         1412    i.FLASH_WaitForLastOperation  stm32f4xx_hal_flash.o
    0x080007e0   0x080007e0   0x00000024   Code   RO         2204    i.HAL_Delay         stm32f4xx_hal.o
    0x08000804   0x08000804   0x00000098   Code   RO         1530    i.HAL_FLASHEx_Erase  stm32f4xx_hal_flash_ex.o
    0x0800089c   0x0800089c   0x00000014   Code   RO         1416    i.HAL_FLASH_Lock    stm32f4xx_hal_flash.o
    0x080008b0   0x080008b0   0x0000007c   Code   RO         1421    i.HAL_FLASH_Program  stm32f4xx_hal_flash.o
    0x0800092c   0x0800092c   0x0000002c   Code   RO         1423    i.HAL_FLASH_Unlock  stm32f4xx_hal_flash.o
    0x08000958   0x08000958   0x00000194   Code   RO         1654    i.HAL_GPIO_Init     stm32f4xx_hal_gpio.o
    0x08000aec   0x08000aec   0x0000000a   Code   RO         1656    i.HAL_GPIO_ReadPin  stm32f4xx_hal_gpio.o
    0x08000af6   0x08000af6   0x0000000a   Code   RO         1658    i.HAL_GPIO_WritePin  stm32f4xx_hal_gpio.o
    0x08000b00   0x08000b00   0x0000000c   Code   RO         2210    i.HAL_GetTick       stm32f4xx_hal.o
    0x08000b0c   0x08000b0c   0x00000010   Code   RO         2216    i.HAL_IncTick       stm32f4xx_hal.o
    0x08000b1c   0x08000b1c   0x00000034   Code   RO         2217    i.HAL_Init          stm32f4xx_hal.o
    0x08000b50   0x08000b50   0x00000040   Code   RO         2218    i.HAL_InitTick      stm32f4xx_hal.o
    0x08000b90   0x08000b90   0x00000030   Code   RO          653    i.HAL_MspInit       stm32f4xx_hal_msp.o
    0x08000bc0   0x08000bc0   0x0000001a   Code   RO         2067    i.HAL_NVIC_EnableIRQ  stm32f4xx_hal_cortex.o
    0x08000bda   0x08000bda   0x00000002   PAD
    0x08000bdc   0x08000bdc   0x00000040   Code   RO         2073    i.HAL_NVIC_SetPriority  stm32f4xx_hal_cortex.o
    0x08000c1c   0x08000c1c   0x00000024   Code   RO         2074    i.HAL_NVIC_SetPriorityGrouping  stm32f4xx_hal_cortex.o
    0x08000c40   0x08000c40   0x00000002   Code   RO          904    i.HAL_PCDEx_LPM_Callback  stm32f4xx_hal_pcd_ex.o
    0x08000c42   0x08000c42   0x00000008   Code   RO          905    i.HAL_PCDEx_SetRxFiFo  stm32f4xx_hal_pcd_ex.o
    0x08000c4a   0x08000c4a   0x00000044   Code   RO          906    i.HAL_PCDEx_SetTxFiFo  stm32f4xx_hal_pcd_ex.o
    0x08000c8e   0x08000c8e   0x00000008   Code   RO          234    i.HAL_PCD_ConnectCallback  usbd_conf.o
    0x08000c96   0x08000c96   0x00000012   Code   RO          235    i.HAL_PCD_DataInStageCallback  usbd_conf.o
    0x08000ca8   0x08000ca8   0x00000014   Code   RO          236    i.HAL_PCD_DataOutStageCallback  usbd_conf.o
    0x08000cbc   0x08000cbc   0x00000008   Code   RO          237    i.HAL_PCD_DisconnectCallback  usbd_conf.o
    0x08000cc4   0x08000cc4   0x0000005c   Code   RO          687    i.HAL_PCD_EP_ClrStall  stm32f4xx_hal_pcd.o
    0x08000d20   0x08000d20   0x00000060   Code   RO          690    i.HAL_PCD_EP_Open   stm32f4xx_hal_pcd.o
    0x08000d80   0x08000d80   0x00000048   Code   RO          691    i.HAL_PCD_EP_Receive  stm32f4xx_hal_pcd.o
    0x08000dc8   0x08000dc8   0x00000074   Code   RO          692    i.HAL_PCD_EP_SetStall  stm32f4xx_hal_pcd.o
    0x08000e3c   0x08000e3c   0x00000040   Code   RO          693    i.HAL_PCD_EP_Transmit  stm32f4xx_hal_pcd.o
    0x08000e7c   0x08000e7c   0x00000434   Code   RO          695    i.HAL_PCD_IRQHandler  stm32f4xx_hal_pcd.o
    0x080012b0   0x080012b0   0x00000008   Code   RO          238    i.HAL_PCD_ISOINIncompleteCallback  usbd_conf.o
    0x080012b8   0x080012b8   0x00000008   Code   RO          239    i.HAL_PCD_ISOOUTIncompleteCallback  usbd_conf.o
    0x080012c0   0x080012c0   0x000000e2   Code   RO          698    i.HAL_PCD_Init      stm32f4xx_hal_pcd.o
    0x080013a2   0x080013a2   0x00000002   PAD
    0x080013a4   0x080013a4   0x00000084   Code   RO          241    i.HAL_PCD_MspInit   usbd_conf.o
    0x08001428   0x08001428   0x00000026   Code   RO          242    i.HAL_PCD_ResetCallback  usbd_conf.o
    0x0800144e   0x0800144e   0x00000008   Code   RO          243    i.HAL_PCD_ResumeCallback  usbd_conf.o
    0x08001456   0x08001456   0x00000008   Code   RO          244    i.HAL_PCD_SOFCallback  usbd_conf.o
    0x0800145e   0x0800145e   0x00000028   Code   RO          704    i.HAL_PCD_SetAddress  stm32f4xx_hal_pcd.o
    0x08001486   0x08001486   0x0000000e   Code   RO          245    i.HAL_PCD_SetupStageCallback  usbd_conf.o
    0x08001494   0x08001494   0x00000042   Code   RO          706    i.HAL_PCD_Start     stm32f4xx_hal_pcd.o
    0x080014d6   0x080014d6   0x0000004a   Code   RO          707    i.HAL_PCD_Stop      stm32f4xx_hal_pcd.o
    0x08001520   0x08001520   0x00000030   Code   RO          246    i.HAL_PCD_SuspendCallback  usbd_conf.o
    0x08001550   0x08001550   0x00000134   Code   RO         1246    i.HAL_RCC_ClockConfig  stm32f4xx_hal_rcc.o
    0x08001684   0x08001684   0x0000000c   Code   RO         1251    i.HAL_RCC_GetHCLKFreq  stm32f4xx_hal_rcc.o
    0x08001690   0x08001690   0x00000060   Code   RO         1255    i.HAL_RCC_GetSysClockFreq  stm32f4xx_hal_rcc.o
    0x080016f0   0x080016f0   0x0000035c   Code   RO         1258    i.HAL_RCC_OscConfig  stm32f4xx_hal_rcc.o
    0x08001a4c   0x08001a4c   0x00000028   Code   RO         2078    i.HAL_SYSTICK_Config  stm32f4xx_hal_cortex.o
    0x08001a74   0x08001a74   0x00000002   Code   RO          573    i.HardFault_Handler  stm32f4xx_it.o
    0x08001a76   0x08001a76   0x00000002   PAD
    0x08001a78   0x08001a78   0x00000038   Code   RO          429    i.IntToUnicode      usbd_desc.o
    0x08001ab0   0x08001ab0   0x0000000a   Code   RO          515    i.MEM_If_DeInit_FS  usbd_dfu_if.o
    0x08001aba   0x08001aba   0x00000002   PAD
    0x08001abc   0x08001abc   0x000000a8   Code   RO          516    i.MEM_If_Erase_FS   usbd_dfu_if.o
    0x08001b64   0x08001b64   0x0000000c   Code   RO          517    i.MEM_If_GetStatus_FS  usbd_dfu_if.o
    0x08001b70   0x08001b70   0x00000014   Code   RO          518    i.MEM_If_Init_FS    usbd_dfu_if.o
    0x08001b84   0x08001b84   0x00000018   Code   RO          519    i.MEM_If_Read_FS    usbd_dfu_if.o
    0x08001b9c   0x08001b9c   0x00000038   Code   RO          520    i.MEM_If_Write_FS   usbd_dfu_if.o
    0x08001bd4   0x08001bd4   0x000000a0   Code   RO           14    i.MX_GPIO_Init      main.o
    0x08001c74   0x08001c74   0x00000054   Code   RO          196    i.MX_USB_DEVICE_Init  usb_device.o
    0x08001cc8   0x08001cc8   0x00000002   Code   RO          574    i.MemManage_Handler  stm32f4xx_it.o
    0x08001cca   0x08001cca   0x00000002   Code   RO          575    i.NMI_Handler       stm32f4xx_it.o
    0x08001ccc   0x08001ccc   0x0000003a   Code   RO         2934    i.OLED_Clear        oled.o
    0x08001d06   0x08001d06   0x00000002   PAD
    0x08001d08   0x08001d08   0x00000050   Code   RO         2938    i.OLED_IIC_Start    oled.o
    0x08001d58   0x08001d58   0x00000040   Code   RO         2939    i.OLED_IIC_Stop     oled.o
    0x08001d98   0x08001d98   0x00000030   Code   RO         2940    i.OLED_IIC_Wait_Ack  oled.o
    0x08001dc8   0x08001dc8   0x000000f6   Code   RO         2941    i.OLED_Init         oled.o
    0x08001ebe   0x08001ebe   0x0000002a   Code   RO         2943    i.OLED_Set_Pos      oled.o
    0x08001ee8   0x08001ee8   0x00000088   Code   RO         2945    i.OLED_ShowChar     oled.o
    0x08001f70   0x08001f70   0x00000036   Code   RO         2947    i.OLED_ShowString   oled.o
    0x08001fa6   0x08001fa6   0x0000000c   Code   RO         2948    i.OLED_WR_Byte      oled.o
    0x08001fb2   0x08001fb2   0x00000002   PAD
    0x08001fb4   0x08001fb4   0x0000000c   Code   RO          576    i.OTG_FS_IRQHandler  stm32f4xx_it.o
    0x08001fc0   0x08001fc0   0x000000cc   Code   RO          710    i.PCD_EP_OutXfrComplete_int  stm32f4xx_hal_pcd.o
    0x0800208c   0x0800208c   0x000000a2   Code   RO          711    i.PCD_WriteEmptyTxFifo  stm32f4xx_hal_pcd.o
    0x0800212e   0x0800212e   0x00000002   Code   RO          577    i.PendSV_Handler    stm32f4xx_it.o
    0x08002130   0x08002130   0x00000002   Code   RO          578    i.SVC_Handler       stm32f4xx_it.o
    0x08002132   0x08002132   0x0000000a   Code   RO         2667    i.SWAPBYTE          usbd_ctlreq.o
    0x0800213c   0x0800213c   0x00000004   Code   RO          579    i.SysTick_Handler   stm32f4xx_it.o
    0x08002140   0x08002140   0x00000080   Code   RO           15    i.SystemClock_Config  main.o
    0x080021c0   0x080021c0   0x0000001c   Code   RO         2492    i.SystemInit        system_stm32f4xx.o
    0x080021dc   0x080021dc   0x00000010   Code   RO         2529    i.USBD_ClrClassConfig  usbd_core.o
    0x080021ec   0x080021ec   0x00000010   Code   RO         2740    i.USBD_CtlContinueRx  usbd_ioreq.o
    0x080021fc   0x080021fc   0x00000010   Code   RO         2741    i.USBD_CtlContinueSendData  usbd_ioreq.o
    0x0800220c   0x0800220c   0x00000016   Code   RO         2668    i.USBD_CtlError     usbd_ctlreq.o
    0x08002222   0x08002222   0x0000001e   Code   RO         2742    i.USBD_CtlPrepareRx  usbd_ioreq.o
    0x08002240   0x08002240   0x00000016   Code   RO         2743    i.USBD_CtlReceiveStatus  usbd_ioreq.o
    0x08002256   0x08002256   0x0000001a   Code   RO         2744    i.USBD_CtlSendData  usbd_ioreq.o
    0x08002270   0x08002270   0x00000016   Code   RO         2745    i.USBD_CtlSendStatus  usbd_ioreq.o
    0x08002286   0x08002286   0x0000003e   Code   RO         2805    i.USBD_DFU_DeInit   usbd_dfu.o
    0x080022c4   0x080022c4   0x00000004   Code   RO         2806    i.USBD_DFU_EP0_RxReady  usbd_dfu.o
    0x080022c8   0x080022c8   0x000000d0   Code   RO         2807    i.USBD_DFU_EP0_TxReady  usbd_dfu.o
    0x08002398   0x08002398   0x0000000c   Code   RO         2808    i.USBD_DFU_GetCfgDesc  usbd_dfu.o
    0x080023a4   0x080023a4   0x0000000c   Code   RO         2809    i.USBD_DFU_GetDeviceQualifierDesc  usbd_dfu.o
    0x080023b0   0x080023b0   0x00000020   Code   RO         2810    i.USBD_DFU_GetUsrStringDesc  usbd_dfu.o
    0x080023d0   0x080023d0   0x00000050   Code   RO         2811    i.USBD_DFU_Init     usbd_dfu.o
    0x08002420   0x08002420   0x0000000e   Code   RO         2812    i.USBD_DFU_RegisterMedia  usbd_dfu.o
    0x0800242e   0x0800242e   0x00000004   Code   RO         2813    i.USBD_DFU_SOF      usbd_dfu.o
    0x08002432   0x08002432   0x00000002   PAD
    0x08002434   0x08002434   0x0000015c   Code   RO         2814    i.USBD_DFU_Setup    usbd_dfu.o
    0x08002590   0x08002590   0x00000020   Code   RO          430    i.USBD_FS_ConfigStrDescriptor  usbd_desc.o
    0x080025b0   0x080025b0   0x0000000c   Code   RO          431    i.USBD_FS_DeviceDescriptor  usbd_desc.o
    0x080025bc   0x080025bc   0x00000024   Code   RO          432    i.USBD_FS_InterfaceStrDescriptor  usbd_desc.o
    0x080025e0   0x080025e0   0x0000000c   Code   RO          433    i.USBD_FS_LangIDStrDescriptor  usbd_desc.o
    0x080025ec   0x080025ec   0x00000028   Code   RO          434    i.USBD_FS_ManufacturerStrDescriptor  usbd_desc.o
    0x08002614   0x08002614   0x00000034   Code   RO          435    i.USBD_FS_ProductStrDescriptor  usbd_desc.o
    0x08002648   0x08002648   0x00000038   Code   RO          436    i.USBD_FS_SerialStrDescriptor  usbd_desc.o
    0x08002680   0x08002680   0x000000f8   Code   RO         2669    i.USBD_GetDescriptor  usbd_ctlreq.o
    0x08002778   0x08002778   0x00000048   Code   RO         2670    i.USBD_GetString    usbd_ctlreq.o
    0x080027c0   0x080027c0   0x00000018   Code   RO          247    i.USBD_Get_USB_Status  usbd_conf.o
    0x080027d8   0x080027d8   0x00000034   Code   RO         2531    i.USBD_Init         usbd_core.o
    0x0800280c   0x0800280c   0x00000012   Code   RO          248    i.USBD_LL_ClearStallEP  usbd_conf.o
    0x0800281e   0x0800281e   0x000000aa   Code   RO         2532    i.USBD_LL_DataInStage  usbd_core.o
    0x080028c8   0x080028c8   0x0000006e   Code   RO         2533    i.USBD_LL_DataOutStage  usbd_core.o
    0x08002936   0x08002936   0x00000004   Code   RO         2534    i.USBD_LL_DevConnected  usbd_core.o
    0x0800293a   0x0800293a   0x00000018   Code   RO         2535    i.USBD_LL_DevDisconnected  usbd_core.o
    0x08002952   0x08002952   0x00000002   PAD
    0x08002954   0x08002954   0x00000060   Code   RO          254    i.USBD_LL_Init      usbd_conf.o
    0x080029b4   0x080029b4   0x00000020   Code   RO          255    i.USBD_LL_IsStallEP  usbd_conf.o
    0x080029d4   0x080029d4   0x00000004   Code   RO         2536    i.USBD_LL_IsoINIncomplete  usbd_core.o
    0x080029d8   0x080029d8   0x00000004   Code   RO         2537    i.USBD_LL_IsoOUTIncomplete  usbd_core.o
    0x080029dc   0x080029dc   0x00000018   Code   RO          256    i.USBD_LL_OpenEP    usbd_conf.o
    0x080029f4   0x080029f4   0x00000012   Code   RO          257    i.USBD_LL_PrepareReceive  usbd_conf.o
    0x08002a06   0x08002a06   0x00000052   Code   RO         2538    i.USBD_LL_Reset     usbd_core.o
    0x08002a58   0x08002a58   0x00000014   Code   RO         2539    i.USBD_LL_Resume    usbd_core.o
    0x08002a6c   0x08002a6c   0x00000018   Code   RO         2540    i.USBD_LL_SOF       usbd_core.o
    0x08002a84   0x08002a84   0x00000006   Code   RO         2541    i.USBD_LL_SetSpeed  usbd_core.o
    0x08002a8a   0x08002a8a   0x00000012   Code   RO          258    i.USBD_LL_SetUSBAddress  usbd_conf.o
    0x08002a9c   0x08002a9c   0x00000060   Code   RO         2542    i.USBD_LL_SetupStage  usbd_core.o
    0x08002afc   0x08002afc   0x00000012   Code   RO          259    i.USBD_LL_StallEP   usbd_conf.o
    0x08002b0e   0x08002b0e   0x00000012   Code   RO          260    i.USBD_LL_Start     usbd_conf.o
    0x08002b20   0x08002b20   0x00000012   Code   RO          261    i.USBD_LL_Stop      usbd_conf.o
    0x08002b32   0x08002b32   0x00000012   Code   RO         2543    i.USBD_LL_Suspend   usbd_core.o
    0x08002b44   0x08002b44   0x00000012   Code   RO          262    i.USBD_LL_Transmit  usbd_conf.o
    0x08002b56   0x08002b56   0x0000002c   Code   RO         2671    i.USBD_ParseSetupRequest  usbd_ctlreq.o
    0x08002b82   0x08002b82   0x00000022   Code   RO         2544    i.USBD_RegisterClass  usbd_core.o
    0x08002ba4   0x08002ba4   0x00000014   Code   RO         2546    i.USBD_SetClassConfig  usbd_core.o
    0x08002bb8   0x08002bb8   0x000000bc   Code   RO         2672    i.USBD_SetConfig    usbd_ctlreq.o
    0x08002c74   0x08002c74   0x00000004   Code   RO         2547    i.USBD_Start        usbd_core.o
    0x08002c78   0x08002c78   0x00000114   Code   RO         2673    i.USBD_StdDevReq    usbd_ctlreq.o
    0x08002d8c   0x08002d8c   0x0000014c   Code   RO         2674    i.USBD_StdEPReq     usbd_ctlreq.o
    0x08002ed8   0x08002ed8   0x00000052   Code   RO         2675    i.USBD_StdItfReq    usbd_ctlreq.o
    0x08002f2a   0x08002f2a   0x00000028   Code   RO         2548    i.USBD_Stop         usbd_core.o
    0x08002f52   0x08002f52   0x00000002   PAD
    0x08002f54   0x08002f54   0x00000080   Code   RO          946    i.USB_ActivateEndpoint  stm32f4xx_ll_usb.o
    0x08002fd4   0x08002fd4   0x0000001c   Code   RO          948    i.USB_ActivateSetup  stm32f4xx_ll_usb.o
    0x08002ff0   0x08002ff0   0x00000074   Code   RO          950    i.USB_CoreInit      stm32f4xx_ll_usb.o
    0x08003064   0x08003064   0x00000038   Code   RO          951    i.USB_CoreReset     stm32f4xx_ll_usb.o
    0x0800309c   0x0800309c   0x0000001c   Code   RO          955    i.USB_DevConnect    stm32f4xx_ll_usb.o
    0x080030b8   0x080030b8   0x0000001c   Code   RO          956    i.USB_DevDisconnect  stm32f4xx_ll_usb.o
    0x080030d4   0x080030d4   0x00000174   Code   RO          957    i.USB_DevInit       stm32f4xx_ll_usb.o
    0x08003248   0x08003248   0x0000000c   Code   RO          958    i.USB_DisableGlobalInt  stm32f4xx_ll_usb.o
    0x08003254   0x08003254   0x00000118   Code   RO          961    i.USB_EP0StartXfer  stm32f4xx_ll_usb.o
    0x0800336c   0x0800336c   0x00000058   Code   RO          962    i.USB_EP0_OutStart  stm32f4xx_ll_usb.o
    0x080033c4   0x080033c4   0x00000058   Code   RO          963    i.USB_EPClearStall  stm32f4xx_ll_usb.o
    0x0800341c   0x0800341c   0x00000058   Code   RO          964    i.USB_EPSetStall    stm32f4xx_ll_usb.o
    0x08003474   0x08003474   0x000001e8   Code   RO          965    i.USB_EPStartXfer   stm32f4xx_ll_usb.o
    0x0800365c   0x0800365c   0x0000000c   Code   RO          966    i.USB_EnableGlobalInt  stm32f4xx_ll_usb.o
    0x08003668   0x08003668   0x00000020   Code   RO          967    i.USB_FlushRxFifo   stm32f4xx_ll_usb.o
    0x08003688   0x08003688   0x00000024   Code   RO          968    i.USB_FlushTxFifo   stm32f4xx_ll_usb.o
    0x080036ac   0x080036ac   0x0000001a   Code   RO          970    i.USB_GetDevSpeed   stm32f4xx_ll_usb.o
    0x080036c6   0x080036c6   0x00000008   Code   RO          972    i.USB_GetMode       stm32f4xx_ll_usb.o
    0x080036ce   0x080036ce   0x0000000e   Code   RO          979    i.USB_ReadDevAllInEpInterrupt  stm32f4xx_ll_usb.o
    0x080036dc   0x080036dc   0x0000000e   Code   RO          980    i.USB_ReadDevAllOutEpInterrupt  stm32f4xx_ll_usb.o
    0x080036ea   0x080036ea   0x00000024   Code   RO          981    i.USB_ReadDevInEPInterrupt  stm32f4xx_ll_usb.o
    0x0800370e   0x0800370e   0x00000010   Code   RO          982    i.USB_ReadDevOutEPInterrupt  stm32f4xx_ll_usb.o
    0x0800371e   0x0800371e   0x00000008   Code   RO          983    i.USB_ReadInterrupts  stm32f4xx_ll_usb.o
    0x08003726   0x08003726   0x0000001c   Code   RO          984    i.USB_ReadPacket    stm32f4xx_ll_usb.o
    0x08003742   0x08003742   0x0000002e   Code   RO          986    i.USB_SetCurrentMode  stm32f4xx_ll_usb.o
    0x08003770   0x08003770   0x00000022   Code   RO          987    i.USB_SetDevAddress  stm32f4xx_ll_usb.o
    0x08003792   0x08003792   0x00000002   PAD
    0x08003794   0x08003794   0x000000e8   Code   RO          989    i.USB_SetTurnaroundTime  stm32f4xx_ll_usb.o
    0x0800387c   0x0800387c   0x00000024   Code   RO          992    i.USB_WritePacket   stm32f4xx_ll_usb.o
    0x080038a0   0x080038a0   0x00000002   Code   RO          580    i.UsageFault_Handler  stm32f4xx_it.o
    0x080038a2   0x080038a2   0x00000002   PAD
    0x080038a4   0x080038a4   0x00000074   Code   RO         2949    i.Write_IIC_Byte    oled.o
    0x08003918   0x08003918   0x0000002e   Code   RO         2950    i.Write_IIC_Command  oled.o
    0x08003946   0x08003946   0x0000002e   Code   RO         2951    i.Write_IIC_Data    oled.o
    0x08003974   0x08003974   0x00000020   Code   RO         2080    i.__NVIC_SetPriority  stm32f4xx_hal_cortex.o
    0x08003994   0x08003994   0x0000000e   Code   RO         3151    i.__scatterload_copy  mc_w.l(handlers.o)
    0x080039a2   0x080039a2   0x00000002   Code   RO         3152    i.__scatterload_null  mc_w.l(handlers.o)
    0x080039a4   0x080039a4   0x0000000e   Code   RO         3153    i.__scatterload_zeroinit  mc_w.l(handlers.o)
    0x080039b2   0x080039b2   0x0000000c   Code   RO         2952    i.delay_us          oled.o
    0x080039be   0x080039be   0x00000002   PAD
    0x080039c0   0x080039c0   0x00000050   Code   RO         3099    i.free              mc_w.l(malloc.o)
    0x08003a10   0x08003a10   0x000000d0   Code   RO           17    i.main              main.o
    0x08003ae0   0x08003ae0   0x0000006c   Code   RO         3100    i.malloc            mc_w.l(malloc.o)
    0x08003b4c   0x08003b4c   0x00000010   Data   RO         2493    .constdata          system_stm32f4xx.o
    0x08003b5c   0x08003b5c   0x00000818   Data   RO         2955    .constdata          oled.o
    0x08004374   0x08004374   0x00000042   Data   RO          521    .conststring        usbd_dfu_if.o
    0x080043b6   0x080043b6   0x00000002   PAD
    0x080043b8   0x080043b8   0x00000020   Data   RO         3149    Region$$Table       anon$$obj.o


    Execution Region RW_IRAM1 (Exec base: 0x20000000, Load base: 0x080043d8, Size: 0x00009af0, Max: 0x00020000, ABSOLUTE)

    Exec Addr    Load Addr    Size         Type   Attr      Idx    E Section Name        Object

    0x20000000   0x080043d8   0x0000000c   Data   RW           19    .data               main.o
    0x2000000c   0x080043e4   0x0000001c   Data   RW          438    .data               usbd_desc.o
    0x20000028   0x08004400   0x00000032   Data   RW          439    .data               usbd_desc.o
    0x2000005a   0x08004432   0x00000002   PAD
    0x2000005c   0x08004434   0x0000001c   Data   RW          522    .data               usbd_dfu_if.o
    0x20000078   0x08004450   0x0000000c   Data   RW         2224    .data               stm32f4xx_hal.o
    0x20000084   0x0800445c   0x00000004   Data   RW         2495    .data               system_stm32f4xx.o
    0x20000088   0x08004460   0x00000001   Data   RW         2676    .data               usbd_ctlreq.o
    0x20000089   0x08004461   0x00000003   PAD
    0x2000008c   0x08004464   0x0000003c   Data   RW         2816    .data               usbd_dfu.o
    0x200000c8   0x080044a0   0x00000026   Data   RW         2817    .data               usbd_dfu.o
    0x200000ee   0x080044c6   0x00000002   PAD
    0x200000f0   0x080044c8   0x00000004   Data   RW         3145    .data               mc_w.l(mvars.o)
    0x200000f4   0x080044cc   0x00000004   Data   RW         3146    .data               mc_w.l(mvars.o)
    0x200000f8        -       0x000002d0   Zero   RW          197    .bss                usb_device.o
    0x200003c8        -       0x00000408   Zero   RW          263    .bss                usbd_conf.o
    0x200007d0        -       0x00000200   Zero   RW          437    .bss                usbd_desc.o
    0x200009d0        -       0x00000020   Zero   RW         1424    .bss                stm32f4xx_hal_flash.o
    0x200009f0        -       0x000000ff   Zero   RW         2815    .bss                usbd_dfu.o
    0x20000aef   0x080044d0   0x00000001   PAD
    0x20000af0        -       0x00008000   Zero   RW            2    HEAP                startup_stm32f411xe.o
    0x20008af0        -       0x00001000   Zero   RW            1    STACK               startup_stm32f411xe.o


==============================================================================

Image component sizes


      Code (inc. data)   RO Data    RW Data    ZI Data      Debug   Object Name

       498         48          0         12          0     394182   main.o
       960         28       2072          0          0       8851   oled.o
        36          8        408          0      36864        848   startup_stm32f411xe.o
       180         28          0         12          0       9357   stm32f4xx_hal.o
       198         14          0          0          0      34019   stm32f4xx_hal_cortex.o
       540         66          0          0         32       6738   stm32f4xx_hal_flash.o
       356         24          0          0          0       4222   stm32f4xx_hal_flash_ex.o
       424         34          0          0          0       3083   stm32f4xx_hal_gpio.o
        48          6          0          0          0        854   stm32f4xx_hal_msp.o
      2288         14          0          0          0      12237   stm32f4xx_hal_pcd.o
        78          0          0          0          0       2449   stm32f4xx_hal_pcd_ex.o
      1276         54          0          0          0       4578   stm32f4xx_hal_rcc.o
        32          6          0          0          0       4662   stm32f4xx_it.o
      2378        122          0          0          0      22218   stm32f4xx_ll_usb.o
        28          6         16          4          0       1167   system_stm32f4xx.o
        84         18          0          0        720        800   usb_device.o
       620         20          0          0       1032      14545   usbd_conf.o
       728          0          0          0          0      13305   usbd_core.o
      1274         30          0          1          0      14212   usbd_ctlreq.o
       296        112          0         78        512       6045   usbd_desc.o
      1492         52          0         98        255      15884   usbd_dfu.o
       290         32         66         28          0       5038   usbd_dfu_if.o
       132          0          0          0          0       4592   usbd_ioreq.o

    ----------------------------------------------------------------------
     14266        722       2596        240      39416     583886   Object Totals
         0          0         32          0          0          0   (incl. Generated)
        30          0          2          7          1          0   (incl. Padding)

    ----------------------------------------------------------------------

      Code (inc. data)   RO Data    RW Data    ZI Data      Debug   Library Member Name

         0          0          0          0          0          0   entry.o
         0          0          0          0          0          0   entry10a.o
         0          0          0          0          0          0   entry11a.o
         8          4          0          0          0          0   entry2.o
         4          0          0          0          0          0   entry5.o
         0          0          0          0          0          0   entry7b.o
         0          0          0          0          0          0   entry8b.o
         8          4          0          0          0          0   entry9a.o
        30          0          0          0          0          0   handlers.o
        36          8          0          0          0         68   init.o
        30          0          0          0          0         68   llshl.o
        32          0          0          0          0         68   llushr.o
       188         20          0          0          0        160   malloc.o
        36          0          0          0          0         68   memcpya.o
        36          0          0          0          0        108   memseta.o
         0          0          0          8          0          0   mvars.o
        98          0          0          0          0         92   uldiv.o

    ----------------------------------------------------------------------
       506         36          0          8          0        632   Library Totals
         0          0          0          0          0          0   (incl. Padding)

    ----------------------------------------------------------------------

      Code (inc. data)   RO Data    RW Data    ZI Data      Debug   Library Name

       506         36          0          8          0        632   mc_w.l

    ----------------------------------------------------------------------
       506         36          0          8          0        632   Library Totals

    ----------------------------------------------------------------------

==============================================================================


      Code (inc. data)   RO Data    RW Data    ZI Data      Debug   

     14772        758       2596        248      39416     566462   Grand Totals
     14772        758       2596        248      39416     566462   ELF Image Totals
     14772        758       2596        248          0          0   ROM Totals

==============================================================================

    Total RO  Size (Code + RO Data)                17368 (  16.96kB)
    Total RW  Size (RW Data + ZI Data)             39664 (  38.73kB)
    Total ROM Size (Code + RO Data + RW Data)      17616 (  17.20kB)

==============================================================================

