<html>
<body>
<pre>
<h1>µVision Build Log</h1>
<h2>Tool Versions:</h2>
IDE-Version: ¦ÌVision V5.31.0.0
Copyright (C) 2020 ARM Ltd and ARM Germany GmbH. All rights reserved.
License Information: w zr, none, LIC=GMZI6-DSWTQ-VEAHA-1D0ZA-RG799-XL7GV
 
Tool Versions:
Toolchain:       MDK-ARM Plus  Version: 5.31.0.0
Toolchain Path:  D:\Keil_v5\ARM\ARMCC\Bin
C Compiler:      Armcc.exe V5.06 update 6 (build 750)
Assembler:       Armasm.exe V5.06 update 6 (build 750)
Linker/Locator:  ArmLink.exe V5.06 update 6 (build 750)
Library Manager: ArmAr.exe V5.06 update 6 (build 750)
Hex Converter:   FromElf.exe V5.06 update 6 (build 750)
CPU DLL:         SARMCM3.DLL V5.31.0.0
Dialog DLL:      DCM.DLL V1.17.3.0
Target DLL:      Segger\JL2CM3.dll V2.99.38.0
Dialog DLL:      TCM.DLL V1.46.0.0
 
<h2>Project:</h2>
D:\github_project\STM32CubeMX_Recoder_Bootloader\MDK-ARM\STM32CubeMX_Recoder_Bootloader.uvprojx
Project File Date:  11/15/2020

<h2>Output:</h2>
*** Using Compiler 'V5.06 update 6 (build 750)', folder: 'D:\Keil_v5\ARM\ARMCC\Bin'
Build target 'STM32CubeMX_Recoder_Bootloader'
compiling main.c...
../Src/main.c(97): warning:  #188-D: enumerated type mixed with another type
  	HAL_GPIO_WritePin(PWR_CTL_GPIO_Port,PWR_CTL_Pin,1);
../Src/main.c(113): warning:  #188-D: enumerated type mixed with another type
  				HAL_GPIO_WritePin(PWR_CTL_GPIO_Port,PWR_CTL_Pin,0);
../Src/main.c(142): warning:  #188-D: enumerated type mixed with another type
  				HAL_GPIO_WritePin(PWR_CTL_GPIO_Port,PWR_CTL_Pin,0);
../Src/main.c: 3 warnings, 0 errors
linking...
Program Size: Code=14772 RO-data=2596 RW-data=248 ZI-data=39416  
FromELF: creating hex file...
"STM32CubeMX_Recoder_Bootloader\STM32CubeMX_Recoder_Bootloader.axf" - 0 Error(s), 3 Warning(s).

<h2>Software Packages used:</h2>

Package Vendor: ARM
                http://www.keil.com/pack/ARM.CMSIS.5.7.0.pack
                ARM.CMSIS.5.7.0
                CMSIS (Cortex Microcontroller Software Interface Standard)
   * Component: CORE Version: 5.4.0

Package Vendor: Keil
                http://www.keil.com/pack/Keil.STM32F4xx_DFP.2.14.0.pack
                Keil.STM32F4xx_DFP.2.14.0
                STMicroelectronics STM32F4 Series Device Support, Drivers and Examples

<h2>Collection of Component include folders:</h2>
  .\RTE\_STM32CubeMX_Recoder_Bootloader
  D:\Keil_v5\Arm\Packs\ARM\CMSIS\5.7.0\CMSIS\Core\Include
  D:\Keil_v5\Arm\Packs\Keil\STM32F4xx_DFP\2.14.0\Drivers\CMSIS\Device\ST\STM32F4xx\Include

<h2>Collection of Component Files used:</h2>

   * Component: ARM::CMSIS:CORE:5.4.0
Build Time Elapsed:  00:00:01
</pre>
</body>
</html>
